2026-10-04T07:39:53Z start extract
2026-10-04T07:39:53Z start relay
2026-10-04T07:39:53Z start extract2
2026-10-04T07:39:53Z start admit
2026-10-04T07:39:53Z start http
2026-10-04T07:39:53Z start browser
2026-10-04T07:39:53Z start seeds
2026-10-04T07:39:53Z start search
2026-10-04T07:39:53Z start monitor
2026-10-04T07:41:29Z exit relay code=1
2026-10-04T07:41:34Z start relay
2026-10-04T07:43:12Z exit relay code=1
2026-10-04T07:43:17Z start relay
2026-10-04T07:45:09Z exit relay code=1
2026-10-04T07:45:14Z start relay
2026-10-04T07:45:17Z exit relay code=1
2026-10-04T07:45:22Z start relay
2026-10-04T07:47:09Z exit relay code=1
2026-10-04T07:47:14Z start relay
2026-10-04T07:47:18Z exit relay code=1
2026-10-04T07:47:23Z start relay
2026-10-04T07:47:27Z exit relay code=1
2026-10-04T07:47:32Z start relay
2026-10-04T07:47:37Z exit relay code=1
2026-10-04T07:47:42Z start relay
2026-10-04T07:47:44Z exit relay code=1
2026-10-04T07:47:49Z start relay
2026-10-04T07:49:04Z exit relay code=1
2026-10-04T07:49:09Z start relay
2026-10-04T15:44:14Z exit relay code=1
2026-10-04T15:44:19Z start relay
2026-10-04T15:44:20Z exit relay code=1
2026-10-04T15:44:25Z start relay
2026-10-04T15:44:29Z exit relay code=1
2026-10-04T15:44:34Z start relay
2026-10-04T15:44:40Z exit relay code=1
2026-10-04T15:44:45Z start relay
2026-10-04T15:44:47Z exit relay code=1
2026-10-04T15:44:52Z start relay
2026-10-04T15:44:53Z exit relay code=1
2026-10-04T15:44:58Z start relay
2026-10-04T15:44:59Z exit relay code=1
2026-10-04T15:45:04Z start relay
2026-10-04T15:45:05Z exit relay code=1
2026-10-04T15:45:10Z start relay
2026-10-04T15:45:12Z exit relay code=1
2026-10-04T15:45:17Z start relay
2026-10-04T15:45:18Z exit relay code=1
2026-10-04T15:45:23Z start relay
2026-10-04T15:45:24Z exit relay code=1
2026-10-04T15:45:29Z start relay
2026-10-04T15:45:30Z exit relay code=1
2026-10-04T15:45:35Z start relay
2026-10-04T15:45:37Z exit relay code=1
2026-10-04T15:45:42Z start relay
2026-10-04T15:45:43Z exit relay code=1
2026-10-04T15:45:48Z start relay
2026-10-04T15:45:53Z exit relay code=1
2026-10-04T15:45:58Z start relay
2026-10-04T15:45:59Z exit relay code=1
2026-10-04T15:46:04Z start relay
2026-10-04T15:46:05Z exit relay code=1
2026-10-04T15:46:10Z start relay
2026-10-04T15:46:11Z exit relay code=1
2026-10-04T15:46:16Z start relay
2026-10-04T15:46:17Z exit relay code=1
2026-10-04T15:46:22Z start relay
2026-10-04T15:46:24Z exit relay code=1
2026-10-04T15:46:29Z start relay
2026-10-04T15:46:30Z exit relay code=1
2026-10-04T15:46:35Z start relay
2026-10-04T15:46:36Z exit relay code=1
2026-10-04T15:46:41Z start relay
2026-10-04T15:46:42Z exit relay code=1
2026-10-04T15:46:47Z start relay
2026-10-04T15:46:49Z exit relay code=1
2026-10-04T15:46:54Z start relay
2026-10-04T15:46:55Z exit relay code=1
2026-10-04T15:47:00Z start relay
2026-10-04T15:47:01Z exit relay code=1
2026-10-04T15:47:06Z start relay
2026-10-04T15:47:07Z exit relay code=1
2026-10-04T15:47:12Z start relay
2026-10-04T15:47:14Z exit relay code=1
2026-10-04T15:47:19Z start relay
2026-10-04T15:47:20Z exit relay code=1
2026-10-04T15:47:25Z start relay
2026-10-04T15:47:26Z exit relay code=1
2026-10-04T15:47:31Z start relay
2026-10-04T15:47:32Z exit relay code=1
2026-10-04T15:47:37Z start relay
2026-10-04T15:47:38Z exit relay code=1
2026-10-04T15:47:43Z start relay
2026-10-04T15:47:45Z exit relay code=1
2026-10-04T15:47:50Z start relay
2026-10-04T15:47:51Z exit relay code=1
2026-10-04T15:47:56Z start relay
2026-10-04T15:47:57Z exit relay code=1
2026-10-04T15:48:02Z start relay
2026-10-04T15:48:03Z exit relay code=1
2026-10-04T15:48:08Z start relay
2026-10-04T15:48:10Z exit relay code=1
2026-10-04T15:48:15Z start relay
2026-10-04T15:48:16Z exit relay code=1
2026-10-04T15:48:21Z start relay
2026-10-04T15:48:22Z exit relay code=1
2026-10-04T15:48:27Z start relay
2026-10-04T15:48:28Z exit relay code=1
2026-10-04T15:48:33Z start relay
2026-10-04T15:48:34Z exit relay code=1
2026-10-04T15:48:39Z start relay
2026-10-04T15:48:41Z exit relay code=1
2026-10-04T15:48:46Z start relay
2026-10-04T15:48:47Z exit relay code=1
2026-10-04T15:48:52Z start relay
2026-10-04T15:48:53Z exit relay code=1
2026-10-04T15:48:58Z start relay
2026-10-04T15:48:59Z exit relay code=1
2026-10-04T15:49:04Z start relay
2026-10-04T15:49:05Z exit relay code=1
2026-10-04T15:49:10Z start relay
2026-10-04T15:49:12Z exit relay code=1
2026-10-04T15:49:17Z start relay
2026-10-04T15:49:18Z exit relay code=1
2026-10-04T15:49:23Z start relay
2026-10-04T15:49:24Z exit relay code=1
2026-10-04T15:49:29Z start relay
2026-10-04T15:49:31Z exit relay code=1
2026-10-04T15:49:36Z start relay
2026-10-04T15:49:37Z exit relay code=1
2026-10-04T15:49:43Z start relay
2026-10-04T15:49:44Z exit relay code=1
2026-10-04T15:49:49Z start relay
2026-10-04T15:49:50Z exit relay code=1
2026-10-04T15:49:55Z start relay
2026-10-04T15:49:57Z exit relay code=1
2026-10-04T15:50:02Z start relay
2026-10-04T15:50:03Z exit relay code=1
2026-10-04T15:50:08Z start relay
2026-10-04T15:50:09Z exit relay code=1
2026-10-04T15:50:14Z start relay
2026-10-04T15:50:15Z exit relay code=1
2026-10-04T15:50:20Z start relay
2026-10-04T15:50:22Z exit relay code=1
2026-10-04T15:50:27Z start relay
2026-10-04T15:50:28Z exit relay code=1
2026-10-04T15:50:33Z start relay
2026-10-04T15:50:34Z exit relay code=1
2026-10-04T15:50:39Z start relay
2026-10-04T15:50:40Z exit relay code=1
2026-10-04T15:50:45Z start relay
2026-10-04T15:50:46Z exit relay code=1
2026-10-04T15:50:51Z start relay
2026-10-04T15:50:53Z exit relay code=1
2026-10-04T15:50:58Z start relay
2026-10-04T15:50:59Z exit relay code=1
2026-10-04T15:51:04Z start relay
2026-10-04T15:51:05Z exit relay code=1
2026-10-04T15:51:10Z start relay
2026-10-04T15:51:11Z exit relay code=1
2026-10-04T15:51:16Z start relay
2026-10-04T15:51:18Z exit relay code=1
2026-10-04T15:51:23Z start relay
2026-10-04T15:51:24Z exit relay code=1
2026-10-04T15:51:29Z start relay
2026-10-04T15:51:33Z exit relay code=1
2026-10-04T15:51:38Z start relay
2026-10-04T15:51:40Z exit relay code=1
2026-10-04T15:51:45Z start relay
2026-10-04T15:51:46Z exit relay code=1
2026-10-04T15:51:51Z start relay
2026-10-04T15:51:52Z exit relay code=1
2026-10-04T15:51:57Z start relay
2026-10-04T15:51:58Z exit relay code=1
2026-10-04T15:52:03Z start relay
2026-10-04T15:52:05Z exit relay code=1
2026-10-04T15:52:10Z start relay
2026-10-04T15:52:11Z exit relay code=1
2026-10-04T15:52:16Z start relay
2026-10-04T15:52:17Z exit relay code=1
2026-10-04T15:52:22Z start relay
2026-10-04T15:52:23Z exit relay code=1
2026-10-04T15:52:28Z start relay
2026-10-04T15:52:30Z exit relay code=1
2026-10-04T15:52:35Z start relay
2026-10-04T15:52:36Z exit relay code=1
2026-10-04T15:52:41Z start relay
2026-10-04T15:52:42Z exit relay code=1
2026-10-04T15:52:47Z start relay
2026-10-04T15:52:48Z exit relay code=1
2026-10-04T15:52:53Z start relay
2026-10-04T15:52:55Z exit relay code=1
2026-10-04T15:53:00Z start relay
2026-10-04T15:53:01Z exit relay code=1
2026-10-04T15:53:06Z start relay
2026-10-04T15:53:07Z exit relay code=1
2026-10-04T15:53:12Z start relay
2026-10-04T15:53:14Z exit relay code=1
2026-10-04T15:53:19Z start relay
2026-10-04T15:53:21Z exit relay code=1
2026-10-04T15:53:26Z start relay
2026-10-04T15:53:27Z exit relay code=1
2026-10-04T15:53:32Z start relay
2026-10-04T15:53:39Z exit relay code=1
2026-10-04T15:53:44Z start relay
2026-10-04T15:53:45Z exit relay code=1
2026-10-04T15:53:50Z start relay
2026-10-04T15:53:52Z exit relay code=1
2026-10-04T15:53:57Z start relay
2026-10-04T15:53:58Z exit relay code=1
2026-10-04T15:54:03Z start relay
2026-10-04T15:54:04Z exit relay code=1
2026-10-04T15:54:09Z start relay
2026-10-04T15:54:10Z exit relay code=1
2026-10-04T15:54:15Z start relay
2026-10-04T15:54:16Z exit relay code=1
2026-10-04T15:54:21Z start relay
2026-10-04T15:54:23Z exit relay code=1
2026-10-04T15:54:28Z start relay
2026-10-04T15:54:29Z exit relay code=1
2026-10-04T15:54:34Z start relay
2026-10-04T15:54:35Z exit relay code=1
2026-10-04T15:54:40Z start relay
2026-10-04T15:54:41Z exit relay code=1
2026-10-04T15:54:46Z start relay
2026-10-04T15:54:47Z exit relay code=1
2026-10-04T15:54:52Z start relay
2026-10-04T15:54:54Z exit relay code=1
2026-10-04T15:54:59Z start relay
2026-10-04T15:55:00Z exit relay code=1
2026-10-04T15:55:05Z start relay
2026-10-04T15:55:06Z exit relay code=1
2026-10-04T15:55:11Z start relay
2026-10-04T15:55:13Z exit relay code=1
2026-10-04T15:55:18Z start relay
2026-10-04T15:55:19Z exit relay code=1
2026-10-04T15:55:24Z start relay
2026-10-04T15:55:25Z exit relay code=1
2026-10-04T15:55:30Z start relay
2026-10-04T15:55:31Z exit relay code=1
2026-10-04T15:55:36Z start relay
2026-10-04T15:55:37Z exit relay code=1
2026-10-04T15:55:42Z start relay
2026-10-04T15:55:44Z exit relay code=1
2026-10-04T15:55:49Z start relay
2026-10-04T15:55:50Z exit relay code=1
2026-10-04T15:55:55Z start relay
2026-10-04T15:55:56Z exit relay code=1
2026-10-04T15:56:01Z start relay
2026-10-04T15:56:02Z exit relay code=1
2026-10-04T15:56:07Z start relay
2026-10-04T15:56:08Z exit relay code=1
2026-10-04T15:56:13Z start relay
2026-10-04T15:56:15Z exit relay code=1
2026-10-04T15:56:20Z start relay
2026-10-04T15:56:21Z exit relay code=1
2026-10-04T15:56:26Z start relay
2026-10-04T15:56:27Z exit relay code=1
2026-10-04T15:56:32Z start relay
2026-10-04T15:56:33Z exit relay code=1
2026-10-04T15:56:38Z start relay
2026-10-04T15:56:40Z exit relay code=1
2026-10-04T15:56:45Z start relay
2026-10-04T15:56:46Z exit relay code=1
2026-10-04T15:56:51Z start relay
2026-10-04T15:56:54Z exit relay code=1
2026-10-04T15:56:59Z start relay
2026-10-04T15:57:00Z exit relay code=1
2026-10-04T15:57:05Z start relay
2026-10-04T15:57:06Z exit relay code=1
2026-10-04T15:57:11Z start relay
2026-10-04T15:57:12Z exit relay code=1
2026-10-04T15:57:17Z start relay
2026-10-04T15:57:19Z exit relay code=1
2026-10-04T15:57:24Z start relay
2026-10-04T15:57:25Z exit relay code=1
2026-10-04T15:57:30Z start relay
2026-10-04T15:57:31Z exit relay code=1
2026-10-04T15:57:36Z start relay
2026-10-04T15:57:38Z exit relay code=1
2026-10-04T15:57:43Z start relay
2026-10-04T15:57:44Z exit relay code=1
2026-10-04T15:57:49Z start relay
2026-10-04T15:57:50Z exit relay code=1
2026-10-04T15:57:55Z start relay
2026-10-04T15:57:57Z exit relay code=1
2026-10-04T15:58:02Z start relay
2026-10-04T15:58:03Z exit relay code=1
2026-10-04T15:58:08Z start relay
2026-10-04T15:58:09Z exit relay code=1
2026-10-04T15:58:14Z start relay
2026-10-04T15:58:15Z exit relay code=1
2026-10-04T15:58:20Z start relay
2026-10-04T15:58:22Z exit relay code=1
2026-10-04T15:58:27Z start relay
2026-10-04T15:58:28Z exit relay code=1
2026-10-04T15:58:33Z start relay
2026-10-04T15:58:35Z exit relay code=1
2026-10-04T15:58:40Z start relay
2026-10-04T15:58:41Z exit relay code=1
2026-10-04T15:58:46Z start relay
2026-10-04T15:58:47Z exit relay code=1
2026-10-04T15:58:52Z start relay
2026-10-04T15:58:53Z exit relay code=1
2026-10-04T15:58:58Z start relay
2026-10-04T15:58:59Z exit relay code=1
2026-10-04T15:59:04Z start relay
2026-10-04T15:59:05Z exit relay code=1
2026-10-04T15:59:10Z start relay
2026-10-04T15:59:11Z exit relay code=1
2026-10-04T15:59:16Z start relay
2026-10-04T15:59:17Z exit relay code=1
2026-10-04T15:59:22Z start relay
2026-10-04T15:59:24Z exit relay code=1
2026-10-04T15:59:29Z start relay
2026-10-04T15:59:30Z exit relay code=1
2026-10-04T15:59:35Z start relay
2026-10-04T15:59:36Z exit relay code=1
2026-10-04T15:59:41Z start relay
2026-10-04T15:59:42Z exit relay code=1
2026-10-04T15:59:47Z start relay
2026-10-04T15:59:48Z exit relay code=1
2026-10-04T15:59:53Z start relay
2026-10-04T15:59:54Z exit relay code=1
2026-10-04T15:59:59Z start relay
2026-10-04T16:00:01Z exit relay code=1
2026-10-04T16:00:06Z start relay
2026-10-04T16:00:07Z exit relay code=1
2026-10-04T16:00:12Z start relay
2026-10-04T16:00:13Z exit relay code=1
2026-10-04T16:00:18Z start relay
2026-10-04T16:00:19Z exit relay code=1
2026-10-04T16:00:24Z start relay
2026-10-04T16:00:25Z exit relay code=1
2026-10-04T16:00:30Z start relay
2026-10-04T16:00:31Z exit relay code=1
2026-10-04T16:00:36Z start relay
2026-10-04T16:00:37Z exit relay code=1
2026-10-04T16:00:42Z start relay
2026-10-04T16:00:44Z exit relay code=1
2026-10-04T16:00:49Z start relay
2026-10-04T16:00:50Z exit relay code=1
2026-10-04T16:00:55Z start relay
2026-10-04T16:00:56Z exit relay code=1
2026-10-04T16:01:01Z start relay
2026-10-04T16:01:02Z exit relay code=1
2026-10-04T16:01:07Z start relay
2026-10-04T16:01:08Z exit relay code=1
2026-10-04T16:01:13Z start relay
2026-10-04T16:01:14Z exit relay code=1
2026-10-04T16:01:19Z start relay
2026-10-04T16:01:20Z exit relay code=1
2026-10-04T16:01:25Z start relay
2026-10-04T16:01:26Z exit relay code=1
2026-10-04T16:01:31Z start relay
2026-10-04T16:01:32Z exit relay code=1
2026-10-04T16:01:37Z start relay
2026-10-04T16:01:38Z exit relay code=1
2026-10-04T16:01:43Z start relay
2026-10-04T16:01:45Z exit relay code=1
2026-10-04T16:01:50Z start relay
2026-10-04T16:01:51Z exit relay code=1
2026-10-04T16:01:56Z start relay
2026-10-04T16:01:57Z exit relay code=1
2026-10-04T16:02:02Z start relay
2026-10-04T16:02:03Z exit relay code=1
2026-10-04T16:02:08Z start relay
2026-10-04T16:02:09Z exit relay code=1
2026-10-04T16:02:14Z start relay
2026-10-04T16:02:15Z exit relay code=1
2026-10-04T16:02:20Z start relay
2026-10-04T16:02:21Z exit relay code=1
2026-10-04T16:02:26Z start relay
2026-10-04T16:02:27Z exit relay code=1
2026-10-04T16:02:32Z start relay
2026-10-04T16:02:33Z exit relay code=1
2026-10-04T16:02:38Z start relay
2026-10-04T16:02:40Z exit relay code=1
2026-10-04T16:02:45Z start relay
2026-10-04T16:02:46Z exit relay code=1
2026-10-04T16:02:51Z start relay
2026-10-04T16:02:52Z exit relay code=1
2026-10-04T16:02:57Z start relay
2026-10-04T16:02:58Z exit relay code=1
2026-10-04T16:03:03Z start relay
2026-10-04T16:03:04Z exit relay code=1
2026-10-04T16:03:09Z start relay
2026-10-04T16:03:10Z exit relay code=1
2026-10-04T16:03:15Z start relay
2026-10-04T16:03:16Z exit relay code=1
2026-10-04T16:03:21Z start relay
2026-10-04T16:03:22Z exit relay code=1
2026-10-04T16:03:27Z start relay
2026-10-04T16:03:28Z exit relay code=1
2026-10-04T16:03:33Z start relay
2026-10-04T16:03:35Z exit relay code=1
2026-10-04T16:03:40Z start relay
2026-10-04T16:03:41Z exit relay code=1
2026-10-04T16:03:46Z start relay
2026-10-04T16:03:47Z exit relay code=1
2026-10-04T16:03:52Z start relay
2026-10-04T16:03:53Z exit relay code=1
2026-10-04T16:03:58Z start relay
2026-10-04T16:03:59Z exit relay code=1
2026-10-04T16:04:04Z start relay
2026-10-04T16:04:05Z exit relay code=1
2026-10-04T16:04:10Z start relay
2026-10-04T16:04:11Z exit relay code=1
2026-10-04T16:04:16Z start relay
2026-10-04T16:04:17Z exit relay code=1
2026-10-04T16:04:22Z start relay
2026-10-04T16:04:23Z exit relay code=1
2026-10-04T16:04:28Z start relay
2026-10-04T16:04:30Z exit relay code=1
2026-10-04T16:04:35Z start relay
2026-10-04T16:04:36Z exit relay code=1
2026-10-04T16:04:41Z start relay
2026-10-04T16:04:42Z exit relay code=1
2026-10-04T16:04:47Z start relay
2026-10-04T16:04:48Z exit relay code=1
2026-10-04T16:04:53Z start relay
2026-10-04T16:04:54Z exit relay code=1
2026-10-04T16:04:59Z start relay
2026-10-04T16:05:00Z exit relay code=1
2026-10-04T16:05:05Z start relay
2026-10-04T16:05:07Z exit relay code=1
2026-10-04T16:05:12Z start relay
2026-10-04T16:05:13Z exit relay code=1
2026-10-04T16:05:18Z start relay
2026-10-04T16:05:19Z exit relay code=1
2026-10-04T16:05:24Z start relay
2026-10-04T16:05:25Z exit relay code=1
2026-10-04T16:05:30Z start relay
2026-10-04T16:05:31Z exit relay code=1
2026-10-04T16:05:36Z start relay
2026-10-04T16:05:37Z exit relay code=1
2026-10-04T16:05:42Z start relay
2026-10-04T16:05:43Z exit relay code=1
2026-10-04T16:05:48Z start relay
2026-10-04T16:05:49Z exit relay code=1
2026-10-04T16:05:54Z start relay
2026-10-04T16:05:56Z exit relay code=1
2026-10-04T16:06:01Z start relay
2026-10-04T16:06:02Z exit relay code=1
2026-10-04T16:06:07Z start relay
2026-10-04T16:06:08Z exit relay code=1
2026-10-04T16:06:13Z start relay
2026-10-04T16:06:14Z exit relay code=1
2026-10-04T16:06:19Z start relay
2026-10-04T16:06:20Z exit relay code=1
2026-10-04T16:06:25Z start relay
2026-10-04T16:06:26Z exit relay code=1
2026-10-04T16:06:31Z start relay
2026-10-04T16:06:32Z exit relay code=1
2026-10-04T16:06:37Z start relay
2026-10-04T16:06:38Z exit relay code=1
2026-10-04T16:06:43Z start relay
2026-10-04T16:06:45Z exit relay code=1
2026-10-04T16:06:50Z start relay
2026-10-04T16:06:51Z exit relay code=1
2026-10-04T16:06:56Z start relay
2026-10-04T16:06:57Z exit relay code=1
2026-10-04T16:07:02Z start relay
2026-10-04T16:07:03Z exit relay code=1
2026-10-04T16:07:08Z start relay
2026-10-04T16:07:09Z exit relay code=1
2026-10-04T16:07:14Z start relay
2026-10-04T16:07:15Z exit relay code=1
2026-10-04T16:07:20Z start relay
2026-10-04T16:07:21Z exit relay code=1
2026-10-04T16:07:26Z start relay
2026-10-04T16:07:28Z exit relay code=1
2026-10-04T16:07:33Z start relay
2026-10-04T16:07:34Z exit relay code=1
2026-10-04T16:07:39Z start relay
2026-10-04T16:07:40Z exit relay code=1
2026-10-04T16:07:45Z start relay
2026-10-04T16:07:47Z exit relay code=1
2026-10-04T16:07:52Z start relay
2026-10-04T16:07:53Z exit relay code=1
2026-10-04T16:07:58Z start relay
2026-10-04T16:07:59Z exit relay code=1
2026-10-04T16:08:04Z start relay
2026-10-04T16:08:05Z exit relay code=1
2026-10-04T16:08:10Z start relay
2026-10-04T16:08:11Z exit relay code=1
2026-10-04T16:08:16Z start relay
2026-10-04T16:08:17Z exit relay code=1
2026-10-04T16:08:22Z start relay
2026-10-04T16:08:23Z exit relay code=1
2026-10-04T16:08:28Z start relay
2026-10-04T16:08:29Z exit relay code=1
2026-10-04T16:08:34Z start relay
2026-10-04T16:08:35Z exit relay code=1
2026-10-04T16:08:40Z start relay
2026-10-04T16:08:41Z exit relay code=1
2026-10-04T16:08:46Z start relay
2026-10-04T16:08:48Z exit relay code=1
2026-10-04T16:08:53Z start relay
2026-10-04T16:08:54Z exit relay code=1
2026-10-04T16:08:59Z start relay
2026-10-04T16:09:00Z exit relay code=1
2026-10-04T16:09:05Z start relay
2026-10-04T16:09:06Z exit relay code=1
2026-10-04T16:09:11Z start relay
2026-10-04T16:09:12Z exit relay code=1
2026-10-04T16:09:17Z start relay
2026-10-04T16:09:18Z exit relay code=1
2026-10-04T16:09:23Z start relay
2026-10-04T16:09:25Z exit relay code=1
2026-10-04T16:09:30Z start relay
2026-10-04T16:09:31Z exit relay code=1
2026-10-04T16:09:36Z start relay
2026-10-04T16:09:37Z exit relay code=1
2026-10-04T16:09:42Z start relay
2026-10-04T16:09:43Z exit relay code=1
2026-10-04T16:09:48Z start relay
2026-10-04T16:09:49Z exit relay code=1
2026-10-04T16:09:54Z start relay
2026-10-04T16:09:55Z exit relay code=1
2026-10-04T16:10:00Z start relay
2026-10-04T16:10:01Z exit relay code=1
2026-10-04T16:10:06Z start relay
2026-10-04T16:10:07Z exit relay code=1
2026-10-04T16:10:12Z start relay
2026-10-04T16:10:13Z exit relay code=1
2026-10-04T16:10:18Z start relay
2026-10-04T16:10:19Z exit relay code=1
2026-10-04T16:10:24Z start relay
2026-10-04T16:10:26Z exit relay code=1
2026-10-04T16:10:31Z start relay
2026-10-04T16:10:32Z exit relay code=1
2026-10-04T16:10:37Z start relay
2026-10-04T16:10:38Z exit relay code=1
2026-10-04T16:10:43Z start relay
2026-10-04T16:10:44Z exit relay code=1
2026-10-04T16:10:49Z start relay
2026-10-04T16:10:51Z exit relay code=1
2026-10-04T16:10:56Z start relay
2026-10-04T16:10:57Z exit relay code=1
2026-10-04T16:11:02Z start relay
2026-10-04T16:11:03Z exit relay code=1
2026-10-04T16:11:08Z start relay
2026-10-04T16:11:09Z exit relay code=1
2026-10-04T16:11:14Z start relay
2026-10-04T16:11:15Z exit relay code=1
2026-10-04T16:11:20Z start relay
2026-10-04T16:11:21Z exit relay code=1
2026-10-04T16:11:26Z start relay
2026-10-04T16:11:27Z exit relay code=1
2026-10-04T16:11:32Z start relay
2026-10-04T16:11:33Z exit relay code=1
2026-10-04T16:11:38Z start relay
2026-10-04T16:11:39Z exit relay code=1
2026-10-04T16:11:44Z start relay
2026-10-04T16:11:46Z exit relay code=1
2026-10-04T16:11:51Z start relay
2026-10-04T16:11:52Z exit relay code=1
2026-10-04T16:11:57Z start relay
2026-10-04T16:11:58Z exit relay code=1
2026-10-04T16:12:03Z start relay
2026-10-04T16:12:04Z exit relay code=1
2026-10-04T16:12:09Z start relay
2026-10-04T16:12:10Z exit relay code=1
2026-10-04T16:12:15Z start relay
2026-10-04T16:12:16Z exit relay code=1
2026-10-04T16:12:21Z start relay
2026-10-04T16:12:22Z exit relay code=1
2026-10-04T16:12:27Z start relay
2026-10-04T16:12:28Z exit relay code=1
2026-10-04T16:12:33Z start relay
2026-10-04T16:12:35Z exit relay code=1
2026-10-04T16:12:40Z start relay
2026-10-04T16:12:41Z exit relay code=1
2026-10-04T16:12:46Z start relay
2026-10-04T16:12:47Z exit relay code=1
2026-10-04T16:12:52Z start relay
2026-10-04T16:12:53Z exit relay code=1
2026-10-04T16:12:58Z start relay
2026-10-04T16:12:59Z exit relay code=1
2026-10-04T16:13:04Z start relay
2026-10-04T16:13:05Z exit relay code=1
2026-10-04T16:13:10Z start relay
2026-10-04T16:13:12Z exit relay code=1
2026-10-04T16:13:17Z start relay
2026-10-04T16:13:18Z exit relay code=1
2026-10-04T16:13:23Z start relay
2026-10-04T16:13:24Z exit relay code=1
2026-10-04T16:13:29Z start relay
2026-10-04T16:13:30Z exit relay code=1
2026-10-04T16:13:35Z start relay
2026-10-04T16:13:36Z exit relay code=1
2026-10-04T16:13:41Z start relay
2026-10-04T16:13:42Z exit relay code=1
2026-10-04T16:13:47Z start relay
2026-10-04T16:13:49Z exit relay code=1
2026-10-04T16:13:54Z start relay
2026-10-04T16:13:55Z exit relay code=1
2026-10-04T16:14:00Z start relay
2026-10-04T16:14:01Z exit relay code=1
2026-10-04T16:14:06Z start relay
2026-10-04T16:14:07Z exit relay code=1
2026-10-04T16:14:12Z start relay
2026-10-04T16:14:13Z exit relay code=1
2026-10-04T16:14:18Z start relay
2026-10-04T16:14:19Z exit relay code=1
2026-10-04T16:14:24Z start relay
2026-10-04T16:14:25Z exit relay code=1
2026-10-04T16:14:30Z start relay
2026-10-04T16:14:32Z exit relay code=1
2026-10-04T16:14:37Z start relay
2026-10-04T16:14:38Z exit relay code=1
2026-10-04T16:14:43Z start relay
2026-10-04T16:14:44Z exit relay code=1
2026-10-04T16:14:49Z start relay
2026-10-04T16:14:50Z exit relay code=1
2026-10-04T16:14:55Z start relay
2026-10-04T16:14:56Z exit relay code=1
2026-10-04T16:15:01Z start relay
2026-10-04T16:15:02Z exit relay code=1
2026-10-04T16:15:07Z start relay
2026-10-04T16:15:08Z exit relay code=1
2026-10-04T16:15:13Z start relay
2026-10-04T16:15:14Z exit relay code=1
2026-10-04T16:15:19Z start relay
2026-10-04T16:15:20Z exit relay code=1
2026-10-04T16:15:25Z start relay
2026-10-04T16:15:27Z exit relay code=1
2026-10-04T16:15:32Z start relay
2026-10-04T16:15:33Z exit relay code=1
2026-10-04T16:15:38Z start relay
2026-10-04T16:15:39Z exit relay code=1
2026-10-04T16:15:44Z start relay
2026-10-04T16:15:45Z exit relay code=1
2026-10-04T16:15:50Z start relay
2026-10-04T16:15:51Z exit relay code=1
2026-10-04T16:15:56Z start relay
2026-10-04T16:15:57Z exit relay code=1
2026-10-04T16:16:02Z start relay
2026-10-04T16:16:03Z exit relay code=1
2026-10-04T16:16:08Z start relay
2026-10-04T16:16:09Z exit relay code=1
2026-10-04T16:16:14Z start relay
2026-10-04T16:16:15Z exit relay code=1
2026-10-04T16:16:20Z start relay
2026-10-04T16:16:22Z exit relay code=1
2026-10-04T16:16:27Z start relay
2026-10-04T16:16:28Z exit relay code=1
2026-10-04T16:16:33Z start relay
2026-10-04T16:16:34Z exit relay code=1
2026-10-04T16:16:39Z start relay
2026-10-04T16:16:40Z exit relay code=1
2026-10-04T16:16:45Z start relay
2026-10-04T16:16:46Z exit relay code=1
2026-10-04T16:16:51Z start relay
2026-10-04T16:16:52Z exit relay code=1
2026-10-04T16:16:57Z start relay
2026-10-04T16:16:58Z exit relay code=1
2026-10-04T16:17:03Z start relay
2026-10-04T16:17:04Z exit relay code=1
2026-10-04T16:17:09Z start relay
2026-10-04T16:17:11Z exit relay code=1
2026-10-04T16:17:16Z start relay
2026-10-04T16:17:17Z exit relay code=1
2026-10-04T16:17:22Z start relay
2026-10-04T16:17:23Z exit relay code=1
2026-10-04T16:17:28Z start relay
2026-10-04T16:17:29Z exit relay code=1
2026-10-04T16:17:34Z start relay
2026-10-04T16:17:35Z exit relay code=1
2026-10-04T16:17:40Z start relay
2026-10-04T16:17:41Z exit relay code=1
2026-10-04T16:17:46Z start relay
2026-10-04T16:17:47Z exit relay code=1
2026-10-04T16:17:52Z start relay
2026-10-04T16:17:54Z exit relay code=1
2026-10-04T16:17:59Z start relay
2026-10-04T16:18:00Z exit relay code=1
2026-10-04T16:18:05Z start relay
2026-10-04T16:18:06Z exit relay code=1
2026-10-04T16:18:11Z start relay
2026-10-04T16:18:12Z exit relay code=1
2026-10-04T16:18:17Z start relay
2026-10-04T16:18:18Z exit relay code=1
2026-10-04T16:18:23Z start relay
2026-10-04T16:18:24Z exit relay code=1
2026-10-04T16:18:29Z start relay
2026-10-04T16:18:30Z exit relay code=1
2026-10-04T16:18:35Z start relay
2026-10-04T16:18:36Z exit relay code=1
2026-10-04T16:18:41Z start relay
2026-10-04T16:18:42Z exit relay code=1
2026-10-04T16:18:47Z start relay
2026-10-04T16:18:49Z exit relay code=1
2026-10-04T16:18:54Z start relay
2026-10-04T16:18:55Z exit relay code=1
2026-10-04T16:19:00Z start relay
2026-10-04T16:19:01Z exit relay code=1
2026-10-04T16:19:06Z start relay
2026-10-04T16:19:07Z exit relay code=1
2026-10-04T16:19:12Z start relay
2026-10-04T16:19:13Z exit relay code=1
2026-10-04T16:19:18Z start relay
2026-10-04T16:19:19Z exit relay code=1
2026-10-04T16:19:24Z start relay
2026-10-04T16:19:25Z exit relay code=1
2026-10-04T16:19:30Z start relay
2026-10-04T16:19:31Z exit relay code=1
2026-10-04T16:19:36Z start relay
2026-10-04T16:19:38Z exit relay code=1
2026-10-04T16:19:43Z start relay
2026-10-04T16:19:44Z exit relay code=1
2026-10-04T16:19:49Z start relay
2026-10-04T16:19:50Z exit relay code=1
2026-10-04T16:19:55Z start relay
2026-10-04T16:19:56Z exit relay code=1
2026-10-04T16:20:01Z start relay
2026-10-04T16:20:02Z exit relay code=1
2026-10-04T16:20:07Z start relay
2026-10-04T16:20:08Z exit relay code=1
2026-10-04T16:20:13Z start relay
2026-10-04T16:20:14Z exit relay code=1
2026-10-04T16:20:19Z start relay
2026-10-04T16:20:21Z exit relay code=1
2026-10-04T16:20:26Z start relay
2026-10-04T16:20:27Z exit relay code=1
2026-10-04T16:20:32Z start relay
2026-10-04T16:20:33Z exit relay code=1
2026-10-04T16:20:38Z start relay
2026-10-04T16:20:39Z exit relay code=1
2026-10-04T16:20:44Z start relay
2026-10-04T16:20:45Z exit relay code=1
2026-10-04T16:20:50Z start relay
2026-10-04T16:20:51Z exit relay code=1
2026-10-04T16:20:56Z start relay
2026-10-04T16:20:57Z exit relay code=1
2026-10-04T16:21:02Z start relay
2026-10-04T16:21:03Z exit relay code=1
2026-10-04T16:21:08Z start relay
2026-10-04T16:21:10Z exit relay code=1
2026-10-04T16:21:15Z start relay
2026-10-04T16:21:16Z exit relay code=1
2026-10-04T16:21:21Z start relay
2026-10-04T16:21:22Z exit relay code=1
2026-10-04T16:21:27Z start relay
2026-10-04T16:21:28Z exit relay code=1
2026-10-04T16:21:33Z start relay
2026-10-04T16:21:34Z exit relay code=1
2026-10-04T16:21:39Z start relay
2026-10-04T16:21:40Z exit relay code=1
2026-10-04T16:21:45Z start relay
2026-10-04T16:21:46Z exit relay code=1
2026-10-04T16:21:51Z start relay
2026-10-04T16:21:52Z exit relay code=1
2026-10-04T16:21:57Z start relay
2026-10-04T16:21:58Z exit relay code=1
2026-10-04T16:22:03Z start relay
2026-10-04T16:22:05Z exit relay code=1
2026-10-04T16:22:10Z start relay
2026-10-04T16:22:11Z exit relay code=1
2026-10-04T16:22:16Z start relay
2026-10-04T16:22:17Z exit relay code=1
2026-10-04T16:22:22Z start relay
2026-10-04T16:22:23Z exit relay code=1
2026-10-04T16:22:28Z start relay
2026-10-04T16:22:29Z exit relay code=1
2026-10-04T16:22:34Z start relay
2026-10-04T16:22:35Z exit relay code=1
2026-10-04T16:22:40Z start relay
2026-10-04T16:22:42Z exit relay code=1
2026-10-04T16:22:47Z start relay
2026-10-04T16:22:48Z exit relay code=1
2026-10-04T16:22:53Z start relay
2026-10-04T16:22:54Z exit relay code=1
2026-10-04T16:22:59Z start relay
2026-10-04T16:23:00Z exit relay code=1
2026-10-04T16:23:05Z start relay
2026-10-04T16:23:06Z exit relay code=1
2026-10-04T16:23:11Z start relay
2026-10-04T16:23:12Z exit relay code=1
2026-10-04T16:23:17Z start relay
2026-10-04T16:23:18Z exit relay code=1
2026-10-04T16:23:23Z start relay
2026-10-04T16:23:24Z exit relay code=1
2026-10-04T16:23:29Z start relay
2026-10-04T16:23:30Z exit relay code=1
2026-10-04T16:23:35Z start relay
2026-10-04T16:23:37Z exit relay code=1
2026-10-04T16:23:42Z start relay
2026-10-04T16:23:43Z exit relay code=1
2026-10-04T16:23:48Z start relay
2026-10-04T16:23:49Z exit relay code=1
2026-10-04T16:23:54Z start relay
2026-10-04T16:23:55Z exit relay code=1
2026-10-04T16:24:00Z start relay
2026-10-04T16:24:01Z exit relay code=1
2026-10-04T16:24:06Z start relay
2026-10-04T16:24:07Z exit relay code=1
2026-10-04T16:24:12Z start relay
2026-10-04T16:24:13Z exit relay code=1
2026-10-04T16:24:18Z start relay
2026-10-04T16:24:20Z exit relay code=1
2026-10-04T16:24:25Z start relay
2026-10-04T16:24:26Z exit relay code=1
2026-10-04T16:24:31Z start relay
2026-10-04T16:24:33Z exit relay code=1
2026-10-04T16:24:38Z start relay
2026-10-04T16:24:39Z exit relay code=1
2026-10-04T16:24:44Z start relay
2026-10-04T16:24:45Z exit relay code=1
2026-10-04T16:24:50Z start relay
2026-10-04T16:24:51Z exit relay code=1
2026-10-04T16:24:56Z start relay
2026-10-04T16:24:57Z exit relay code=1
2026-10-04T16:25:02Z start relay
2026-10-04T16:25:03Z exit relay code=1
2026-10-04T16:25:08Z start relay
2026-10-04T16:25:09Z exit relay code=1
2026-10-04T16:25:14Z start relay
2026-10-04T16:25:15Z exit relay code=1
2026-10-04T16:25:20Z start relay
2026-10-04T16:25:22Z exit relay code=1
2026-10-04T16:25:27Z start relay
2026-10-04T16:25:28Z exit relay code=1
2026-10-04T16:25:33Z start relay
2026-10-04T16:25:34Z exit relay code=1
2026-10-04T16:25:39Z start relay
2026-10-04T16:25:40Z exit relay code=1
2026-10-04T16:25:45Z start relay
2026-10-04T16:25:46Z exit relay code=1
2026-10-04T16:25:51Z start relay
2026-10-04T16:25:52Z exit relay code=1
2026-10-04T16:25:57Z start relay
2026-10-04T16:25:58Z exit relay code=1
2026-10-04T16:26:03Z start relay
2026-10-04T16:26:04Z exit relay code=1
2026-10-04T16:26:09Z start relay
2026-10-04T16:26:10Z exit relay code=1
2026-10-04T16:26:15Z start relay
2026-10-04T16:26:16Z exit relay code=1
2026-10-04T16:26:21Z start relay
2026-10-04T16:26:23Z exit relay code=1
2026-10-04T16:26:28Z start relay
2026-10-04T16:26:29Z exit relay code=1
2026-10-04T16:26:34Z start relay
2026-10-04T16:26:35Z exit relay code=1
2026-10-04T16:26:40Z start relay
2026-10-04T16:26:41Z exit relay code=1
2026-10-04T16:26:46Z start relay
2026-10-04T16:26:47Z exit relay code=1
2026-10-04T16:26:52Z start relay
2026-10-04T16:26:53Z exit relay code=1
2026-10-04T16:26:58Z start relay
2026-10-04T16:26:59Z exit relay code=1
2026-10-04T16:27:04Z start relay
2026-10-04T16:27:05Z exit relay code=1
2026-10-04T16:27:10Z start relay
2026-10-04T16:27:12Z exit relay code=1
2026-10-04T16:27:17Z start relay
2026-10-04T16:27:18Z exit relay code=1
2026-10-04T16:27:23Z start relay
2026-10-04T16:27:24Z exit relay code=1
2026-10-04T16:27:29Z start relay
2026-10-04T16:27:30Z exit relay code=1
2026-10-04T16:27:35Z start relay
2026-10-04T16:27:36Z exit relay code=1
2026-10-04T16:27:41Z start relay
2026-10-04T16:27:42Z exit relay code=1
2026-10-04T16:27:47Z start relay
2026-10-04T16:27:48Z exit relay code=1
2026-10-04T16:27:53Z start relay
2026-10-04T16:27:55Z exit relay code=1
2026-10-04T16:28:00Z start relay
2026-10-04T16:28:01Z exit relay code=1
2026-10-04T16:28:06Z start relay
2026-10-04T16:28:07Z exit relay code=1
2026-10-04T16:28:12Z start relay
2026-10-04T16:28:13Z exit relay code=1
2026-10-04T16:28:18Z start relay
2026-10-04T16:28:19Z exit relay code=1
2026-10-04T16:28:24Z start relay
2026-10-04T16:28:25Z exit relay code=1
2026-10-04T16:28:30Z start relay
2026-10-04T16:28:31Z exit relay code=1
2026-10-04T16:28:36Z start relay
2026-10-04T16:28:37Z exit relay code=1
2026-10-04T16:28:42Z start relay
2026-10-04T16:28:44Z exit relay code=1
2026-10-04T16:28:49Z start relay
2026-10-04T16:28:50Z exit relay code=1
2026-10-04T16:28:55Z start relay
2026-10-04T16:28:56Z exit relay code=1
2026-10-04T16:29:01Z start relay
2026-10-04T16:29:02Z exit relay code=1
2026-10-04T16:29:07Z start relay
2026-10-04T16:29:08Z exit relay code=1
2026-10-04T16:29:13Z start relay
2026-10-04T16:29:14Z exit relay code=1
2026-10-04T16:29:19Z start relay
2026-10-04T16:29:20Z exit relay code=1
2026-10-04T16:29:25Z start relay
2026-10-04T16:29:27Z exit relay code=1
2026-10-04T16:29:32Z start relay
2026-10-04T16:29:33Z exit relay code=1
2026-10-04T16:29:38Z start relay
2026-10-04T16:29:38Z exit relay code=1
2026-10-04T16:29:43Z start relay
2026-10-04T16:29:44Z exit relay code=1
2026-10-04T16:29:49Z start relay
2026-10-04T16:29:50Z exit relay code=1
2026-10-04T16:29:55Z start relay
2026-10-04T16:29:56Z exit relay code=1
2026-10-04T16:30:02Z start relay
2026-10-04T16:30:03Z exit relay code=1
2026-10-04T16:30:08Z start relay
2026-10-04T16:30:09Z exit relay code=1
2026-10-04T16:30:14Z start relay
2026-10-04T16:30:15Z exit relay code=1
2026-10-04T16:30:20Z start relay
2026-10-04T16:30:21Z exit relay code=1
2026-10-04T16:30:26Z start relay
2026-10-04T16:30:27Z exit relay code=1
2026-10-04T16:30:32Z start relay
2026-10-04T16:30:33Z exit relay code=1
2026-10-04T16:30:38Z start relay
2026-10-04T16:30:40Z exit relay code=1
2026-10-04T16:30:45Z start relay
2026-10-04T16:30:46Z exit relay code=1
2026-10-04T16:30:51Z start relay
2026-10-04T16:30:52Z exit relay code=1
2026-10-04T16:30:57Z start relay
2026-10-04T16:30:58Z exit relay code=1
2026-10-04T16:31:03Z start relay
2026-10-04T16:31:04Z exit relay code=1
2026-10-04T16:31:09Z start relay
2026-10-04T16:31:10Z exit relay code=1
2026-10-04T16:31:15Z start relay
2026-10-04T16:31:16Z exit relay code=1
2026-10-04T16:31:21Z start relay
2026-10-04T16:31:22Z exit relay code=1
2026-10-04T16:31:27Z start relay
2026-10-04T16:31:29Z exit relay code=1
2026-10-04T16:31:34Z start relay
2026-10-04T16:31:35Z exit relay code=1
2026-10-04T16:31:40Z start relay
2026-10-04T16:31:41Z exit relay code=1
2026-10-04T16:31:46Z start relay
2026-10-04T16:31:47Z exit relay code=1
2026-10-04T16:31:52Z start relay
2026-10-04T16:31:53Z exit relay code=1
2026-10-04T16:31:58Z start relay
2026-10-04T16:31:59Z exit relay code=1
2026-10-04T16:32:04Z start relay
2026-10-04T16:32:05Z exit relay code=1
2026-10-04T16:32:10Z start relay
2026-10-04T16:32:11Z exit relay code=1
2026-10-04T16:32:16Z start relay
2026-10-04T16:32:18Z exit relay code=1
2026-10-04T16:32:23Z start relay
2026-10-04T16:32:24Z exit relay code=1
2026-10-04T16:32:29Z start relay
2026-10-04T16:32:30Z exit relay code=1
2026-10-04T16:32:35Z start relay
2026-10-04T16:32:36Z exit relay code=1
2026-10-04T16:32:41Z start relay
2026-10-04T16:32:42Z exit relay code=1
2026-10-04T16:32:47Z start relay
2026-10-04T16:32:48Z exit relay code=1
2026-10-04T16:32:53Z start relay
2026-10-04T16:32:54Z exit relay code=1
2026-10-04T16:32:59Z start relay
2026-10-04T16:33:00Z exit relay code=1
2026-10-04T16:33:05Z start relay
2026-10-04T16:33:06Z exit relay code=1
2026-10-04T16:33:11Z start relay
2026-10-04T16:33:12Z exit relay code=1
2026-10-04T16:33:17Z start relay
2026-10-04T16:33:19Z exit relay code=1
2026-10-04T16:33:24Z start relay
2026-10-04T16:33:25Z exit relay code=1
2026-10-04T16:33:30Z start relay
2026-10-04T16:33:31Z exit relay code=1
2026-10-04T16:33:36Z start relay
2026-10-04T16:33:37Z exit relay code=1
2026-10-04T16:33:42Z start relay
2026-10-04T16:33:43Z exit relay code=1
2026-10-04T16:33:48Z start relay
2026-10-04T16:33:49Z exit relay code=1
2026-10-04T16:33:54Z start relay
2026-10-04T16:33:55Z exit relay code=1
2026-10-04T16:34:00Z start relay
2026-10-04T16:34:01Z exit relay code=1
2026-10-04T16:34:06Z start relay
2026-10-04T16:34:07Z exit relay code=1
2026-10-04T16:34:12Z start relay
2026-10-04T16:34:14Z exit relay code=1
2026-10-04T16:34:19Z start relay
2026-10-04T16:34:20Z exit relay code=1
2026-10-04T16:34:25Z start relay
2026-10-04T16:34:26Z exit relay code=1
2026-10-04T16:34:31Z start relay
2026-10-04T16:34:32Z exit relay code=1
2026-10-04T16:34:37Z start relay
2026-10-04T16:34:38Z exit relay code=1
2026-10-04T16:34:43Z start relay
2026-10-04T16:34:44Z exit relay code=1
2026-10-04T16:34:49Z start relay
2026-10-04T16:34:50Z exit relay code=1
2026-10-04T16:34:55Z start relay
2026-10-04T16:34:56Z exit relay code=1
2026-10-04T16:35:01Z start relay
2026-10-04T16:35:03Z exit relay code=1
2026-10-04T16:35:08Z start relay
2026-10-04T16:35:09Z exit relay code=1
2026-10-04T16:35:14Z start relay
2026-10-04T16:35:15Z exit relay code=1
2026-10-04T16:35:20Z start relay
2026-10-04T16:35:21Z exit relay code=1
2026-10-04T16:35:26Z start relay
2026-10-04T16:35:27Z exit relay code=1
2026-10-04T16:35:32Z start relay
2026-10-04T16:35:33Z exit relay code=1
2026-10-04T16:35:38Z start relay
2026-10-04T16:35:39Z exit relay code=1
2026-10-04T16:35:44Z start relay
2026-10-04T16:35:45Z exit relay code=1
2026-10-04T16:35:50Z start relay
2026-10-04T16:35:51Z exit relay code=1
2026-10-04T16:35:56Z start relay
2026-10-04T16:35:58Z exit relay code=1
2026-10-04T16:36:03Z start relay
2026-10-04T16:36:04Z exit relay code=1
2026-10-04T16:36:09Z start relay
2026-10-04T16:36:10Z exit relay code=1
2026-10-04T16:36:15Z start relay
2026-10-04T16:36:16Z exit relay code=1
2026-10-04T16:36:21Z start relay
2026-10-04T16:36:22Z exit relay code=1
2026-10-04T16:36:27Z start relay
2026-10-04T16:36:28Z exit relay code=1
2026-10-04T16:36:33Z start relay
2026-10-04T16:36:34Z exit relay code=1
2026-10-04T16:36:39Z start relay
2026-10-04T16:36:40Z exit relay code=1
2026-10-04T16:36:45Z start relay
2026-10-04T16:36:46Z exit relay code=1
2026-10-04T16:36:51Z start relay
2026-10-04T16:36:52Z exit relay code=1
2026-10-04T16:36:57Z start relay
2026-10-04T16:36:59Z exit relay code=1
2026-10-04T16:37:04Z start relay
2026-10-04T16:37:05Z exit relay code=1
2026-10-04T16:37:10Z start relay
2026-10-04T16:37:11Z exit relay code=1
2026-10-04T16:37:16Z start relay
2026-10-04T16:37:17Z exit relay code=1
2026-10-04T16:37:22Z start relay
2026-10-04T16:37:23Z exit relay code=1
2026-10-04T16:37:28Z start relay
2026-10-04T16:37:29Z exit relay code=1
2026-10-04T16:37:34Z start relay
2026-10-04T16:37:35Z exit relay code=1
2026-10-04T16:37:40Z start relay
2026-10-04T16:37:41Z exit relay code=1
2026-10-04T16:37:46Z start relay
2026-10-04T16:37:47Z exit relay code=1
2026-10-04T16:37:52Z start relay
2026-10-04T16:37:53Z exit relay code=1
2026-10-04T16:37:58Z start relay
2026-10-04T16:38:00Z exit relay code=1
2026-10-04T16:38:05Z start relay
2026-10-04T16:38:06Z exit relay code=1
2026-10-04T16:38:11Z start relay
2026-10-04T16:38:12Z exit relay code=1
2026-10-04T16:38:17Z start relay
2026-10-04T16:38:18Z exit relay code=1
2026-10-04T16:38:23Z start relay
2026-10-04T16:38:24Z exit relay code=1
2026-10-04T16:38:29Z start relay
2026-10-04T16:38:30Z exit relay code=1
2026-10-04T16:38:35Z start relay
2026-10-04T16:38:36Z exit relay code=1
2026-10-04T16:38:41Z start relay
2026-10-04T16:38:42Z exit relay code=1
2026-10-04T16:38:47Z start relay
2026-10-04T16:38:48Z exit relay code=1
2026-10-04T16:38:53Z start relay
2026-10-04T16:38:54Z exit relay code=1
2026-10-04T16:39:00Z start relay
2026-10-04T16:39:01Z exit relay code=1
2026-10-04T16:39:06Z start relay
2026-10-04T16:39:07Z exit relay code=1
2026-10-04T16:39:12Z start relay
2026-10-04T16:39:13Z exit relay code=1
2026-10-04T16:39:18Z start relay
2026-10-04T16:39:19Z exit relay code=1
2026-10-04T16:39:24Z start relay
2026-10-04T16:39:25Z exit relay code=1
2026-10-04T16:39:30Z start relay
2026-10-04T16:39:31Z exit relay code=1
2026-10-04T16:39:36Z start relay
2026-10-04T16:39:37Z exit relay code=1
2026-10-04T16:39:42Z start relay
2026-10-04T16:39:44Z exit relay code=1
2026-10-04T16:39:49Z start relay
2026-10-04T16:39:50Z exit relay code=1
2026-10-04T16:39:55Z start relay
2026-10-04T16:39:56Z exit relay code=1
2026-10-04T16:40:01Z start relay
2026-10-04T16:40:02Z exit relay code=1
2026-10-04T16:40:07Z start relay
2026-10-04T16:40:08Z exit relay code=1
2026-10-04T16:40:13Z start relay
2026-10-04T16:40:14Z exit relay code=1
2026-10-04T16:40:19Z start relay
2026-10-04T16:40:20Z exit relay code=1
2026-10-04T16:40:25Z start relay
2026-10-04T16:40:26Z exit relay code=1
2026-10-04T16:40:31Z start relay
2026-10-04T16:40:33Z exit relay code=1
2026-10-04T16:40:38Z start relay
2026-10-04T16:40:39Z exit relay code=1
2026-10-04T16:40:44Z start relay
2026-10-04T16:40:45Z exit relay code=1
2026-10-04T16:40:50Z start relay
2026-10-04T16:40:51Z exit relay code=1
2026-10-04T16:40:56Z start relay
2026-10-04T16:40:57Z exit relay code=1
2026-10-04T16:41:02Z start relay
2026-10-04T16:41:03Z exit relay code=1
2026-10-04T16:41:08Z start relay
2026-10-04T16:41:09Z exit relay code=1
2026-10-04T16:41:14Z start relay
2026-10-04T16:41:15Z exit relay code=1
2026-10-04T16:41:20Z start relay
2026-10-04T16:41:21Z exit relay code=1
2026-10-04T16:41:26Z start relay
2026-10-04T16:41:28Z exit relay code=1
2026-10-04T16:41:33Z start relay
2026-10-04T16:41:34Z exit relay code=1
2026-10-04T16:41:39Z start relay
2026-10-04T16:41:40Z exit relay code=1
2026-10-04T16:41:45Z start relay
2026-10-04T16:41:46Z exit relay code=1
2026-10-04T16:41:51Z start relay
2026-10-04T16:41:52Z exit relay code=1
2026-10-04T16:41:57Z start relay
2026-10-04T16:41:58Z exit relay code=1
2026-10-04T16:42:03Z start relay
2026-10-04T16:42:04Z exit relay code=1
2026-10-04T16:42:09Z start relay
2026-10-04T16:42:10Z exit relay code=1
2026-10-04T16:42:15Z start relay
2026-10-04T16:42:16Z exit relay code=1
2026-10-04T16:42:21Z start relay
2026-10-04T16:42:23Z exit relay code=1
2026-10-04T16:42:28Z start relay
2026-10-04T16:42:29Z exit relay code=1
2026-10-04T16:42:34Z start relay
2026-10-04T16:42:35Z exit relay code=1
2026-10-04T16:42:40Z start relay
2026-10-04T16:42:41Z exit relay code=1
2026-10-04T16:42:46Z start relay
2026-10-04T16:42:47Z exit relay code=1
2026-10-04T16:42:52Z start relay
2026-10-04T16:42:53Z exit relay code=1
2026-10-04T16:42:58Z start relay
2026-10-04T16:42:59Z exit relay code=1
2026-10-04T16:43:04Z start relay
2026-10-04T16:43:05Z exit relay code=1
2026-10-04T16:43:10Z start relay
2026-10-04T16:43:11Z exit relay code=1
2026-10-04T16:43:16Z start relay
2026-10-04T16:43:18Z exit relay code=1
2026-10-04T16:43:23Z start relay
2026-10-04T16:43:24Z exit relay code=1
2026-10-04T16:43:29Z start relay
2026-10-04T16:43:30Z exit relay code=1
2026-10-04T16:43:35Z start relay
2026-10-04T16:43:36Z exit relay code=1
2026-10-04T16:43:41Z start relay
2026-10-04T16:43:42Z exit relay code=1
2026-10-04T16:43:47Z start relay
2026-10-04T16:43:48Z exit relay code=1
2026-10-04T16:43:53Z start relay
2026-10-04T16:43:54Z exit relay code=1
2026-10-04T16:43:59Z start relay
2026-10-04T16:44:01Z exit relay code=1
2026-10-04T16:44:06Z start relay
2026-10-04T16:44:07Z exit relay code=1
2026-10-04T16:44:12Z start relay
2026-10-04T16:44:13Z exit relay code=1
2026-10-04T16:44:18Z start relay
2026-10-04T16:44:19Z exit relay code=1
2026-10-04T16:44:24Z start relay
2026-10-04T16:44:25Z exit relay code=1
2026-10-04T16:44:30Z start relay
2026-10-04T16:44:31Z exit relay code=1
2026-10-04T16:44:36Z start relay
2026-10-04T16:44:37Z exit relay code=1
2026-10-04T16:44:42Z start relay
2026-10-04T16:44:43Z exit relay code=1
2026-10-04T16:44:48Z start relay
2026-10-04T16:44:50Z exit relay code=1
2026-10-04T16:44:55Z start relay
2026-10-04T16:44:56Z exit relay code=1
2026-10-04T16:45:01Z start relay
2026-10-04T16:45:02Z exit relay code=1
2026-10-04T16:45:07Z start relay
2026-10-04T16:45:08Z exit relay code=1
2026-10-04T16:45:13Z start relay
2026-10-04T16:45:14Z exit relay code=1
2026-10-04T16:45:19Z start relay
2026-10-04T16:45:20Z exit relay code=1
2026-10-04T16:45:25Z start relay
2026-10-04T16:45:26Z exit relay code=1
2026-10-04T16:45:31Z start relay
2026-10-04T16:45:32Z exit relay code=1
2026-10-04T16:45:37Z start relay
2026-10-04T16:45:39Z exit relay code=1
2026-10-04T16:45:44Z start relay
2026-10-04T16:45:45Z exit relay code=1
2026-10-04T16:45:50Z start relay
2026-10-04T16:45:51Z exit relay code=1
2026-10-04T16:45:56Z start relay
2026-10-04T16:45:57Z exit relay code=1
2026-10-04T16:46:02Z start relay
2026-10-04T16:46:03Z exit relay code=1
2026-10-04T16:46:08Z start relay
2026-10-04T16:46:09Z exit relay code=1
2026-10-04T16:46:14Z start relay
2026-10-04T16:46:15Z exit relay code=1
2026-10-04T16:46:20Z start relay
2026-10-04T16:46:22Z exit relay code=1
2026-10-04T16:46:27Z start relay
2026-10-04T16:46:28Z exit relay code=1
2026-10-04T16:46:33Z start relay
2026-10-04T16:46:34Z exit relay code=1
2026-10-04T16:46:39Z start relay
2026-10-04T16:46:40Z exit relay code=1
2026-10-04T16:46:45Z start relay
2026-10-04T16:46:46Z exit relay code=1
2026-10-04T16:46:51Z start relay
2026-10-04T16:46:52Z exit relay code=1
2026-10-04T16:46:57Z start relay
2026-10-04T16:46:58Z exit relay code=1
2026-10-04T16:47:03Z start relay
2026-10-04T16:47:04Z exit relay code=1
2026-10-04T16:47:09Z start relay
2026-10-04T16:47:11Z exit relay code=1
2026-10-04T16:47:16Z start relay
2026-10-04T16:47:17Z exit relay code=1
2026-10-04T16:47:22Z start relay
2026-10-04T16:47:23Z exit relay code=1
2026-10-04T16:47:28Z start relay
2026-10-04T16:47:29Z exit relay code=1
2026-10-04T16:47:34Z start relay
2026-10-04T16:47:35Z exit relay code=1
2026-10-04T16:47:40Z start relay
2026-10-04T16:47:41Z exit relay code=1
2026-10-04T16:47:46Z start relay
2026-10-04T16:47:47Z exit relay code=1
2026-10-04T16:47:52Z start relay
2026-10-04T16:47:53Z exit relay code=1
2026-10-04T16:47:58Z start relay
2026-10-04T16:47:59Z exit relay code=1
2026-10-04T16:48:04Z start relay
2026-10-04T16:48:05Z exit relay code=1
2026-10-04T16:48:10Z start relay
2026-10-04T16:48:12Z exit relay code=1
2026-10-04T16:48:17Z start relay
2026-10-04T16:48:18Z exit relay code=1
2026-10-04T16:48:23Z start relay
2026-10-04T16:48:24Z exit relay code=1
2026-10-04T16:48:29Z start relay
2026-10-04T16:48:30Z exit relay code=1
2026-10-04T16:48:35Z start relay
2026-10-04T16:48:36Z exit relay code=1
2026-10-04T16:48:41Z start relay
2026-10-04T16:48:42Z exit relay code=1
2026-10-04T16:48:47Z start relay
2026-10-04T16:48:49Z exit relay code=1
2026-10-04T16:48:54Z start relay
2026-10-04T16:48:55Z exit relay code=1
2026-10-04T16:49:00Z start relay
2026-10-04T16:49:01Z exit relay code=1
2026-10-04T16:49:06Z start relay
2026-10-04T16:49:07Z exit relay code=1
2026-10-04T16:49:12Z start relay
2026-10-04T16:49:13Z exit relay code=1
2026-10-04T16:49:18Z start relay
2026-10-04T16:49:20Z exit relay code=1
2026-10-04T16:49:25Z start relay
2026-10-04T16:49:26Z exit relay code=1
2026-10-04T16:49:31Z start relay
2026-10-04T16:49:33Z exit relay code=1
2026-10-04T16:49:38Z start relay
2026-10-04T16:49:39Z exit relay code=1
2026-10-04T16:49:44Z start relay
2026-10-04T16:49:45Z exit relay code=1
2026-10-04T16:49:50Z start relay
2026-10-04T16:49:51Z exit relay code=1
2026-10-04T16:49:56Z start relay
2026-10-04T16:49:58Z exit relay code=1
2026-10-04T16:50:03Z start relay
2026-10-04T16:50:04Z exit relay code=1
2026-10-04T16:50:09Z start relay
2026-10-04T16:50:10Z exit relay code=1
2026-10-04T16:50:15Z start relay
2026-10-04T16:50:16Z exit relay code=1
2026-10-04T16:50:21Z start relay
2026-10-04T16:50:23Z exit relay code=1
2026-10-04T16:50:28Z start relay
2026-10-04T16:50:29Z exit relay code=1
2026-10-04T16:50:34Z start relay
2026-10-04T16:50:35Z exit relay code=1
2026-10-04T16:50:40Z start relay
2026-10-04T16:50:41Z exit relay code=1
2026-10-04T16:50:46Z start relay
2026-10-04T16:50:47Z exit relay code=1
2026-10-04T16:50:52Z start relay
2026-10-04T16:50:54Z exit relay code=1
2026-10-04T16:50:59Z start relay
2026-10-04T16:51:00Z exit relay code=1
2026-10-04T16:51:05Z start relay
2026-10-04T16:51:06Z exit relay code=1
2026-10-04T16:51:11Z start relay
2026-10-04T16:51:12Z exit relay code=1
2026-10-04T16:51:17Z start relay
2026-10-04T16:51:19Z exit relay code=1
2026-10-04T16:51:24Z start relay
2026-10-04T16:51:25Z exit relay code=1
2026-10-04T16:51:30Z start relay
2026-10-04T16:51:31Z exit relay code=1
2026-10-04T16:51:36Z start relay
2026-10-04T16:51:37Z exit relay code=1
2026-10-04T16:51:42Z start relay
2026-10-04T16:51:43Z exit relay code=1
2026-10-04T16:51:48Z start relay
2026-10-04T16:51:49Z exit relay code=1
2026-10-04T16:51:54Z start relay
2026-10-04T16:51:56Z exit relay code=1
2026-10-04T16:52:01Z start relay
2026-10-04T16:52:02Z exit relay code=1
2026-10-04T16:52:07Z start relay
2026-10-04T16:52:08Z exit relay code=1
2026-10-04T16:52:13Z start relay
2026-10-04T16:52:14Z exit relay code=1
2026-10-04T16:52:19Z start relay
2026-10-04T16:52:20Z exit relay code=1
2026-10-04T16:52:25Z start relay
2026-10-04T16:52:26Z exit relay code=1
2026-10-04T16:52:31Z start relay
2026-10-04T16:52:32Z exit relay code=1
2026-10-04T16:52:37Z start relay
2026-10-04T16:52:38Z exit relay code=1
2026-10-04T16:52:43Z start relay
2026-10-04T16:52:45Z exit relay code=1
2026-10-04T16:52:50Z start relay
2026-10-04T16:52:51Z exit relay code=1
2026-10-04T16:52:56Z start relay
2026-10-04T16:52:57Z exit relay code=1
2026-10-04T16:53:02Z start relay
2026-10-04T16:53:03Z exit relay code=1
2026-10-04T16:53:08Z start relay
2026-10-04T16:53:09Z exit relay code=1
2026-10-04T16:53:14Z start relay
2026-10-04T16:53:15Z exit relay code=1
2026-10-04T16:53:20Z start relay
2026-10-04T16:53:22Z exit relay code=1
2026-10-04T16:53:27Z start relay
2026-10-04T16:53:28Z exit relay code=1
2026-10-04T16:53:33Z start relay
2026-10-04T16:53:34Z exit relay code=1
2026-10-04T16:53:39Z start relay
2026-10-04T16:53:40Z exit relay code=1
2026-10-04T16:53:45Z start relay
2026-10-04T16:53:46Z exit relay code=1
2026-10-04T16:53:51Z start relay
2026-10-04T16:53:52Z exit relay code=1
2026-10-04T16:53:57Z start relay
2026-10-04T16:53:59Z exit relay code=1
2026-10-04T16:54:04Z start relay
2026-10-04T16:54:05Z exit relay code=1
2026-10-04T16:54:10Z start relay
2026-10-04T16:54:11Z exit relay code=1
2026-10-04T16:54:16Z start relay
2026-10-04T16:54:17Z exit relay code=1
2026-10-04T16:54:22Z start relay
2026-10-04T16:54:23Z exit relay code=1
2026-10-04T16:54:28Z start relay
2026-10-04T16:54:29Z exit relay code=1
2026-10-04T16:54:34Z start relay
2026-10-04T16:54:35Z exit relay code=1
2026-10-04T16:54:40Z start relay
2026-10-04T16:54:41Z exit relay code=1
2026-10-04T16:54:46Z start relay
2026-10-04T16:54:48Z exit relay code=1
2026-10-04T16:54:53Z start relay
2026-10-04T16:54:54Z exit relay code=1
2026-10-04T16:54:59Z start relay
2026-10-04T16:55:00Z exit relay code=1
2026-10-04T16:55:05Z start relay
2026-10-04T16:55:06Z exit relay code=1
2026-10-04T16:55:11Z start relay
2026-10-04T16:55:12Z exit relay code=1
2026-10-04T16:55:17Z start relay
2026-10-04T16:55:18Z exit relay code=1
2026-10-04T16:55:23Z start relay
2026-10-04T16:55:24Z exit relay code=1
2026-10-04T16:55:29Z start relay
2026-10-04T16:55:30Z exit relay code=1
2026-10-04T16:55:35Z start relay
2026-10-04T16:55:37Z exit relay code=1
2026-10-04T16:55:42Z start relay
2026-10-04T16:55:43Z exit relay code=1
2026-10-04T16:55:48Z start relay
2026-10-04T16:55:49Z exit relay code=1
2026-10-04T16:55:54Z start relay
2026-10-04T16:55:55Z exit relay code=1
2026-10-04T16:56:00Z start relay
2026-10-04T16:56:01Z exit relay code=1
2026-10-04T16:56:06Z start relay
2026-10-04T16:56:08Z exit relay code=1
2026-10-04T16:56:13Z start relay
2026-10-04T16:56:14Z exit relay code=1
2026-10-04T16:56:19Z start relay
2026-10-04T16:56:20Z exit relay code=1
2026-10-04T16:56:25Z start relay
2026-10-04T16:56:26Z exit relay code=1
2026-10-04T16:56:31Z start relay
2026-10-04T16:56:32Z exit relay code=1
2026-10-04T16:56:37Z start relay
2026-10-04T16:56:38Z exit relay code=1
2026-10-04T16:56:43Z start relay
2026-10-04T16:56:44Z exit relay code=1
2026-10-04T16:56:49Z start relay
2026-10-04T16:56:51Z exit relay code=1
2026-10-04T16:56:56Z start relay
2026-10-04T16:56:57Z exit relay code=1
2026-10-04T16:57:02Z start relay
2026-10-04T16:57:03Z exit relay code=1
2026-10-04T16:57:08Z start relay
2026-10-04T16:57:09Z exit relay code=1
2026-10-04T16:57:14Z start relay
2026-10-04T16:57:15Z exit relay code=1
2026-10-04T16:57:20Z start relay
2026-10-04T16:57:21Z exit relay code=1
2026-10-04T16:57:26Z start relay
2026-10-04T16:57:27Z exit relay code=1
2026-10-04T16:57:32Z start relay
2026-10-04T16:57:34Z exit relay code=1
2026-10-04T16:57:39Z start relay
2026-10-04T16:57:40Z exit relay code=1
2026-10-04T16:57:45Z start relay
2026-10-04T16:57:46Z exit relay code=1
2026-10-04T16:57:51Z start relay
2026-10-04T16:57:52Z exit relay code=1
2026-10-04T16:57:57Z start relay
2026-10-04T16:57:58Z exit relay code=1
2026-10-04T16:58:03Z start relay
2026-10-04T16:58:04Z exit relay code=1
2026-10-04T16:58:09Z start relay
2026-10-04T16:58:11Z exit relay code=1
2026-10-04T16:58:16Z start relay
2026-10-04T16:58:17Z exit relay code=1
2026-10-04T16:58:22Z start relay
2026-10-04T16:58:23Z exit relay code=1
2026-10-04T16:58:28Z start relay
2026-10-04T16:58:29Z exit relay code=1
2026-10-04T16:58:34Z start relay
2026-10-04T16:58:35Z exit relay code=1
2026-10-04T16:58:40Z start relay
2026-10-04T16:58:41Z exit relay code=1
2026-10-04T16:58:46Z start relay
2026-10-04T16:58:48Z exit relay code=1
2026-10-04T16:58:53Z start relay
2026-10-04T16:58:54Z exit relay code=1
2026-10-04T16:58:59Z start relay
2026-10-04T16:59:00Z exit relay code=1
2026-10-04T16:59:05Z start relay
2026-10-04T16:59:06Z exit relay code=1
2026-10-04T16:59:11Z start relay
2026-10-04T16:59:12Z exit relay code=1
2026-10-04T16:59:17Z start relay
2026-10-04T16:59:18Z exit relay code=1
2026-10-04T16:59:23Z start relay
2026-10-04T16:59:24Z exit relay code=1
2026-10-04T16:59:29Z start relay
2026-10-04T16:59:30Z exit relay code=1
2026-10-04T16:59:35Z start relay
2026-10-04T16:59:36Z exit relay code=1
2026-10-04T16:59:41Z start relay
2026-10-04T16:59:43Z exit relay code=1
2026-10-04T16:59:48Z start relay
2026-10-04T16:59:49Z exit relay code=1
2026-10-04T16:59:54Z start relay
2026-10-04T16:59:55Z exit relay code=1
2026-10-04T17:00:00Z start relay
2026-10-04T17:00:01Z exit relay code=1
2026-10-04T17:00:06Z start relay
2026-10-04T17:00:07Z exit relay code=1
2026-10-04T17:00:12Z start relay
2026-10-04T17:00:13Z exit relay code=1
2026-10-04T17:00:18Z start relay
2026-10-04T17:00:20Z exit relay code=1
2026-10-04T17:00:25Z start relay
2026-10-04T17:00:26Z exit relay code=1
2026-10-04T17:00:31Z start relay
2026-10-04T17:00:32Z exit relay code=1
2026-10-04T17:00:37Z start relay
2026-10-04T17:00:38Z exit relay code=1
2026-10-04T17:00:43Z start relay
2026-10-04T17:00:44Z exit relay code=1
2026-10-04T17:00:49Z start relay
2026-10-04T17:00:50Z exit relay code=1
2026-10-04T17:00:55Z start relay
2026-10-04T17:00:56Z exit relay code=1
2026-10-04T17:01:01Z start relay
2026-10-04T17:01:03Z exit relay code=1
2026-10-04T17:01:08Z start relay
2026-10-04T17:01:09Z exit relay code=1
2026-10-04T17:01:14Z start relay
2026-10-04T17:01:15Z exit relay code=1
2026-10-04T17:01:20Z start relay
2026-10-04T17:01:21Z exit relay code=1
2026-10-04T17:01:26Z start relay
2026-10-04T17:01:27Z exit relay code=1
2026-10-04T17:01:32Z start relay
2026-10-04T17:01:33Z exit relay code=1
2026-10-04T17:01:38Z start relay
2026-10-04T17:01:39Z exit relay code=1
2026-10-04T17:01:44Z start relay
2026-10-04T17:01:45Z exit relay code=1
2026-10-04T17:01:50Z start relay
2026-10-04T17:01:52Z exit relay code=1
2026-10-04T17:01:57Z start relay
2026-10-04T17:01:58Z exit relay code=1
2026-10-04T17:02:03Z start relay
2026-10-04T17:02:04Z exit relay code=1
2026-10-04T17:02:09Z start relay
2026-10-04T17:02:10Z exit relay code=1
2026-10-04T17:02:15Z start relay
2026-10-04T17:02:16Z exit relay code=1
2026-10-04T17:02:21Z start relay
2026-10-04T17:02:22Z exit relay code=1
2026-10-04T17:02:27Z start relay
2026-10-04T17:02:28Z exit relay code=1
2026-10-04T17:02:33Z start relay
2026-10-04T17:02:35Z exit relay code=1
2026-10-04T17:02:40Z start relay
2026-10-04T17:02:41Z exit relay code=1
2026-10-04T17:02:46Z start relay
2026-10-04T17:02:47Z exit relay code=1
2026-10-04T17:02:52Z start relay
2026-10-04T17:02:53Z exit relay code=1
2026-10-04T17:02:58Z start relay
2026-10-04T17:02:59Z exit relay code=1
2026-10-04T17:03:04Z start relay
2026-10-04T17:03:05Z exit relay code=1
2026-10-04T17:03:10Z start relay
2026-10-04T17:03:12Z exit relay code=1
2026-10-04T17:03:17Z start relay
2026-10-04T17:03:18Z exit relay code=1
2026-10-04T17:03:23Z start relay
2026-10-04T17:03:24Z exit relay code=1
2026-10-04T17:03:29Z start relay
2026-10-04T17:03:30Z exit relay code=1
2026-10-04T17:03:35Z start relay
2026-10-04T17:03:36Z exit relay code=1
2026-10-04T17:03:41Z start relay
2026-10-04T17:03:42Z exit relay code=1
2026-10-04T17:03:47Z start relay
2026-10-04T17:03:48Z exit relay code=1
2026-10-04T17:03:53Z start relay
2026-10-04T17:03:55Z exit relay code=1
2026-10-04T17:04:00Z start relay
2026-10-04T17:04:01Z exit relay code=1
2026-10-04T17:04:06Z start relay
2026-10-04T17:04:07Z exit relay code=1
2026-10-04T17:04:12Z start relay
2026-10-04T17:04:13Z exit relay code=1
2026-10-04T17:04:18Z start relay
2026-10-04T17:04:19Z exit relay code=1
2026-10-04T17:04:24Z start relay
2026-10-04T17:04:25Z exit relay code=1
2026-10-04T17:04:27Z xtrim urls.discovered.v1 maxlen 2000 (group lag 0, pending 0; Redis at maxmemory, X-16)
2026-10-04T17:04:27Z reconfigure relay stream_maxlen=3000
2026-10-04T17:04:27Z start relay
2026-10-04T17:04:52Z exit relay code=1
2026-10-04T17:04:57Z start relay
