2026-09-29T17:26:15Z start relay
2026-09-29T17:26:15Z start extract
2026-09-29T17:26:15Z start admit
2026-09-29T17:26:15Z start http
2026-09-29T17:26:15Z start browser
2026-09-29T17:26:15Z start monitor
2026-09-29T17:26:15Z start seeds
2026-09-29T17:59:58Z reconfigure http concurrency=8
2026-09-29T17:59:58Z start http
2026-09-29T18:06:45Z add search queries=338ffb33076a237b
2026-09-29T18:06:45Z start search
2026-09-29T18:25:12Z reconfigure relay stream_maxlen=10000
2026-09-29T18:25:12Z start relay
2026-09-29T18:25:13Z exit relay code=1
2026-09-29T18:25:18Z start relay
2026-09-29T18:25:19Z exit relay code=1
2026-09-29T18:25:24Z start relay
2026-09-29T18:26:25Z exit monitor code=1
2026-09-29T18:26:30Z start monitor
2026-09-29T18:26:33Z exit monitor code=1
2026-09-29T18:26:38Z start monitor
2026-09-29T18:26:42Z exit monitor code=1
2026-09-29T18:26:47Z start monitor
2026-09-29T18:26:51Z exit monitor code=1
2026-09-29T18:26:56Z start monitor
2026-09-29T18:26:59Z exit monitor code=1
2026-09-29T18:27:04Z start monitor
2026-09-29T18:27:08Z exit monitor code=1
2026-09-29T18:27:13Z start monitor
2026-09-29T18:27:18Z exit monitor code=1
2026-09-29T18:27:23Z start monitor
2026-09-29T18:27:27Z exit monitor code=143
2026-09-29T18:27:32Z start monitor
2026-09-29T20:56:59Z exit relay code=1
2026-09-29T20:57:04Z start relay
2026-09-29T21:01:07Z add extract2
2026-09-29T21:01:07Z start extract2
2026-09-29T21:16:38Z reconfigure http concurrency=4
2026-09-29T21:16:38Z start http
2026-09-29T22:13:33Z exit relay code=1
2026-09-29T22:13:38Z start relay
2026-09-29T22:13:46Z exit relay code=1
2026-09-29T22:13:51Z start relay
2026-09-29T22:14:01Z exit relay code=1
2026-09-29T22:14:06Z start relay
2026-09-29T22:14:09Z exit relay code=1
2026-09-29T22:14:14Z start relay
2026-09-29T22:14:17Z exit relay code=1
2026-09-29T22:14:22Z start relay
2026-09-29T22:14:25Z exit relay code=1
2026-09-29T22:14:30Z start relay
2026-09-29T22:14:33Z exit relay code=1
2026-09-29T22:14:38Z start relay
2026-09-29T22:23:05Z exit relay code=1
2026-09-29T22:23:10Z start relay
2026-09-29T22:23:18Z exit relay code=1
2026-09-29T22:23:23Z start relay
2026-09-29T22:25:29Z exit relay code=1
2026-09-29T22:25:35Z start relay
2026-09-29T22:26:01Z exit relay code=1
2026-09-29T22:26:06Z start relay
2026-09-29T22:26:33Z exit relay code=1
2026-09-29T22:26:38Z start relay
2026-09-29T22:27:02Z exit relay code=1
2026-09-29T22:27:07Z start relay
2026-09-29T22:27:29Z exit relay code=1
2026-09-29T22:27:34Z start relay
2026-09-29T22:27:53Z exit relay code=1
2026-09-29T22:27:58Z start relay
2026-09-29T22:28:17Z exit relay code=1
2026-09-29T22:28:22Z start relay
2026-09-29T22:28:49Z exit relay code=1
2026-09-29T22:28:54Z start relay
2026-09-29T22:29:25Z exit relay code=1
2026-09-29T22:29:30Z start relay
2026-09-29T22:31:52Z exit relay code=1
2026-09-29T22:31:57Z start relay
2026-09-29T22:32:03Z exit relay code=1
2026-09-29T22:32:08Z start relay
2026-09-29T22:45:51Z exit relay code=1
2026-09-29T22:45:56Z start relay
2026-09-29T22:53:40Z exit relay code=1
2026-09-29T22:53:45Z start relay
2026-09-29T23:07:14Z exit relay code=1
2026-09-29T23:07:19Z start relay
2026-09-29T23:10:06Z exit relay code=1
2026-09-29T23:10:11Z start relay
2026-09-29T23:10:41Z exit relay code=1
2026-09-29T23:10:46Z start relay
2026-09-29T23:13:21Z exit relay code=1
2026-09-29T23:13:26Z start relay
2026-09-29T23:18:01Z exit relay code=1
2026-09-29T23:18:06Z start relay
2026-09-29T23:18:28Z exit relay code=1
2026-09-29T23:18:33Z start relay
2026-09-29T23:18:58Z exit relay code=1
2026-09-29T23:19:03Z start relay
2026-09-29T23:23:32Z exit relay code=1
2026-09-29T23:23:37Z start relay
2026-09-29T23:26:45Z exit seeds code=1
2026-09-29T23:26:50Z start seeds
2026-09-29T23:27:26Z exit relay code=1
2026-09-29T23:27:31Z start relay
2026-09-29T23:27:34Z exit seeds code=1
2026-09-29T23:27:39Z start seeds
2026-09-29T23:36:04Z exit relay code=1
2026-09-29T23:36:09Z start relay
2026-09-29T23:37:14Z exit relay code=1
2026-09-29T23:37:19Z start relay
2026-09-29T23:37:26Z exit relay code=1
2026-09-29T23:37:31Z start relay
2026-09-29T23:42:14Z exit relay code=1
2026-09-29T23:42:19Z start relay
2026-09-29T23:42:30Z exit relay code=1
2026-09-29T23:42:35Z start relay
2026-09-29T23:44:10Z exit relay code=1
2026-09-29T23:44:15Z start relay
2026-09-29T23:45:17Z exit relay code=1
2026-09-29T23:45:22Z start relay
2026-09-29T23:46:12Z exit relay code=1
2026-09-29T23:46:17Z start relay
2026-09-29T23:51:07Z exit relay code=1
2026-09-29T23:51:12Z start relay
2026-09-29T23:54:11Z exit relay code=1
2026-09-29T23:54:16Z start relay
2026-09-29T23:54:30Z exit relay code=1
2026-09-29T23:54:35Z start relay
2026-09-29T23:56:45Z exit relay code=1
2026-09-29T23:56:50Z start relay
2026-09-30T00:00:36Z exit relay code=1
2026-09-30T00:00:41Z start relay
2026-09-30T00:01:37Z exit relay code=1
2026-09-30T00:01:42Z start relay
2026-09-30T00:03:58Z exit relay code=1
2026-09-30T00:04:03Z start relay
2026-09-30T00:05:01Z exit relay code=1
2026-09-30T00:05:06Z start relay
2026-09-30T00:11:04Z exit relay code=1
2026-09-30T00:11:09Z start relay
2026-09-30T00:18:35Z exit relay code=1
2026-09-30T00:18:40Z start relay
2026-09-30T00:26:59Z exit relay code=1
2026-09-30T00:27:05Z start relay
2026-09-30T00:37:38Z exit relay code=1
2026-09-30T00:37:43Z start relay
2026-09-30T00:41:02Z exit relay code=1
2026-09-30T00:41:07Z start relay
2026-09-30T00:46:23Z exit relay code=1
2026-09-30T00:46:28Z start relay
2026-09-30T00:47:57Z exit relay code=1
2026-09-30T00:48:02Z start relay
2026-09-30T00:51:26Z exit relay code=1
2026-09-30T00:51:31Z start relay
2026-09-30T01:07:12Z exit relay code=1
2026-09-30T01:07:17Z start relay
2026-09-30T01:09:53Z exit relay code=1
2026-09-30T01:09:58Z start relay
2026-09-30T01:10:56Z exit relay code=1
2026-09-30T01:11:01Z start relay
2026-09-30T01:22:16Z exit relay code=1
2026-09-30T01:22:21Z start relay
2026-09-30T01:28:38Z exit relay code=1
2026-09-30T01:28:43Z start relay
2026-09-30T01:34:27Z exit relay code=1
2026-09-30T01:34:32Z start relay
2026-09-30T01:34:44Z exit relay code=1
2026-09-30T01:34:49Z start relay
2026-09-30T01:35:07Z exit relay code=1
2026-09-30T01:35:12Z start relay
2026-09-30T01:35:22Z exit relay code=1
2026-09-30T01:35:27Z start relay
2026-09-30T01:35:37Z exit relay code=1
2026-09-30T01:35:42Z start relay
2026-09-30T01:36:47Z exit relay code=1
2026-09-30T01:36:52Z start relay
2026-09-30T01:38:09Z exit relay code=1
2026-09-30T01:38:14Z start relay
2026-09-30T01:42:45Z exit relay code=1
2026-09-30T01:42:50Z start relay
2026-09-30T01:49:20Z exit relay code=1
2026-09-30T01:49:25Z start relay
2026-09-30T07:10:51Z exit relay code=1
2026-09-30T07:10:56Z start relay
2026-09-30T07:17:55Z exit relay code=1
2026-09-30T07:18:00Z start relay
2026-09-30T07:22:01Z exit relay code=1
2026-09-30T07:22:06Z start relay
2026-09-30T07:23:03Z exit relay code=1
2026-09-30T07:23:08Z start relay
2026-09-30T07:25:46Z exit relay code=1
2026-09-30T07:25:51Z start relay
2026-09-30T07:25:57Z exit relay code=1
2026-09-30T07:26:02Z start relay
2026-09-30T07:28:57Z exit relay code=1
2026-09-30T07:29:04Z start relay
2026-09-30T07:29:45Z exit relay code=1
2026-09-30T07:29:50Z start relay
2026-09-30T07:30:03Z exit relay code=1
2026-09-30T07:30:08Z start relay
2026-09-30T07:36:34Z exit relay code=1
2026-09-30T07:36:39Z start relay
2026-09-30T07:38:36Z exit relay code=1
2026-09-30T07:38:41Z start relay
2026-09-30T07:40:35Z exit relay code=1
2026-09-30T07:40:40Z start relay
2026-09-30T07:49:42Z exit relay code=1
2026-09-30T07:49:47Z start relay
2026-09-30T07:54:49Z exit relay code=1
2026-09-30T07:54:55Z start relay
2026-09-30T07:58:58Z exit relay code=1
2026-09-30T07:59:03Z start relay
2026-09-30T08:00:51Z exit relay code=1
2026-09-30T08:00:56Z start relay
2026-09-30T08:01:11Z exit relay code=1
2026-09-30T08:01:16Z start relay
2026-09-30T08:02:10Z exit relay code=1
2026-09-30T08:02:15Z start relay
2026-09-30T08:04:53Z exit relay code=1
2026-09-30T08:04:58Z start relay
2026-09-30T08:07:56Z exit relay code=1
2026-09-30T08:08:01Z start relay
2026-09-30T08:09:23Z exit relay code=1
2026-09-30T08:09:28Z start relay
2026-09-30T08:10:48Z exit relay code=1
2026-09-30T08:10:53Z start relay
2026-09-30T08:12:48Z exit relay code=1
2026-09-30T08:12:53Z start relay
2026-09-30T08:13:12Z exit relay code=1
2026-09-30T08:13:17Z start relay
2026-09-30T08:13:53Z exit relay code=1
2026-09-30T08:13:58Z start relay
2026-09-30T08:14:28Z exit relay code=1
2026-09-30T08:14:33Z start relay
2026-09-30T08:14:44Z exit relay code=1
2026-09-30T08:14:49Z start relay
2026-09-30T08:16:29Z exit relay code=1
2026-09-30T08:16:34Z start relay
2026-09-30T08:16:42Z exit relay code=1
2026-09-30T08:16:47Z start relay
2026-09-30T08:17:01Z exit relay code=1
2026-09-30T08:17:06Z start relay
2026-09-30T08:17:22Z exit relay code=1
2026-09-30T08:17:27Z start relay
2026-09-30T08:20:41Z exit relay code=1
2026-09-30T08:20:46Z start relay
2026-09-30T08:22:21Z exit relay code=1
2026-09-30T08:22:26Z start relay
2026-09-30T08:22:45Z exit relay code=1
2026-09-30T08:22:50Z start relay
2026-09-30T08:23:04Z exit relay code=1
2026-09-30T08:23:09Z start relay
2026-09-30T08:25:32Z exit relay code=1
2026-09-30T08:25:37Z start relay
2026-09-30T08:26:02Z exit relay code=1
2026-09-30T08:26:07Z start relay
2026-09-30T08:27:30Z exit relay code=1
2026-09-30T08:27:35Z start relay
2026-09-30T08:27:44Z exit relay code=1
2026-09-30T08:27:49Z start relay
2026-09-30T08:29:54Z exit relay code=1
2026-09-30T08:29:59Z start relay
2026-09-30T08:30:19Z exit relay code=1
2026-09-30T08:30:24Z start relay
2026-09-30T08:32:13Z exit relay code=1
2026-09-30T08:32:18Z start relay
2026-09-30T08:32:45Z exit relay code=1
2026-09-30T08:32:50Z start relay
2026-09-30T08:36:05Z exit relay code=1
2026-09-30T08:36:10Z start relay
2026-09-30T08:38:25Z exit relay code=1
2026-09-30T08:38:30Z start relay
2026-09-30T08:38:50Z exit relay code=1
2026-09-30T08:38:55Z start relay
2026-09-30T08:40:14Z exit relay code=1
2026-09-30T08:40:19Z start relay
2026-09-30T08:41:48Z exit relay code=1
2026-09-30T08:41:53Z start relay
2026-09-30T08:42:13Z exit relay code=1
2026-09-30T08:42:18Z start relay
2026-09-30T08:45:43Z exit relay code=1
2026-09-30T08:45:48Z start relay
2026-09-30T08:45:59Z exit relay code=1
2026-09-30T08:46:04Z start relay
2026-09-30T08:46:15Z exit relay code=1
2026-09-30T08:46:20Z start relay
2026-09-30T08:46:29Z exit relay code=1
2026-09-30T08:46:34Z start relay
2026-09-30T08:47:26Z exit relay code=1
2026-09-30T08:47:31Z start relay
2026-09-30T08:47:43Z exit relay code=1
2026-09-30T08:47:48Z start relay
2026-09-30T08:47:58Z exit relay code=1
2026-09-30T08:48:03Z start relay
2026-09-30T08:51:14Z exit relay code=1
2026-09-30T08:51:19Z start relay
2026-09-30T08:51:37Z exit relay code=1
2026-09-30T08:51:42Z start relay
2026-09-30T08:51:59Z exit relay code=1
2026-09-30T08:52:04Z start relay
2026-09-30T08:52:18Z exit relay code=1
2026-09-30T08:52:23Z start relay
2026-09-30T08:52:28Z exit relay code=1
2026-09-30T08:52:33Z start relay
2026-09-30T08:53:04Z exit relay code=1
2026-09-30T08:53:09Z start relay
2026-09-30T08:53:24Z exit relay code=1
2026-09-30T08:53:29Z start relay
2026-09-30T08:56:34Z exit relay code=1
2026-09-30T08:56:39Z start relay
2026-09-30T08:58:01Z exit relay code=1
2026-09-30T08:58:06Z start relay
2026-09-30T08:58:17Z exit relay code=1
2026-09-30T08:58:22Z start relay
2026-09-30T08:58:28Z exit relay code=1
2026-09-30T08:58:33Z start relay
2026-09-30T08:59:17Z exit relay code=1
2026-09-30T08:59:22Z start relay
2026-09-30T08:59:31Z exit relay code=1
2026-09-30T08:59:36Z start relay
2026-09-30T08:59:44Z exit relay code=1
2026-09-30T08:59:49Z start relay
2026-09-30T09:00:00Z exit relay code=1
2026-09-30T09:00:05Z start relay
2026-09-30T09:00:34Z exit relay code=1
2026-09-30T09:00:39Z start relay
2026-09-30T09:00:52Z exit relay code=1
2026-09-30T09:00:57Z start relay
2026-09-30T09:02:37Z exit relay code=1
2026-09-30T09:02:42Z start relay
2026-09-30T09:03:46Z exit relay code=1
2026-09-30T09:03:51Z start relay
2026-09-30T09:03:58Z exit relay code=1
2026-09-30T09:04:03Z start relay
2026-09-30T09:04:19Z exit relay code=1
2026-09-30T09:04:24Z start relay
2026-09-30T09:04:33Z exit relay code=1
2026-09-30T09:04:38Z start relay
2026-09-30T09:05:06Z exit relay code=1
2026-09-30T09:05:11Z start relay
2026-09-30T09:08:56Z exit relay code=1
2026-09-30T09:09:01Z start relay
2026-09-30T09:09:16Z exit relay code=1
2026-09-30T09:09:21Z start relay
2026-09-30T09:09:34Z exit relay code=1
2026-09-30T09:09:39Z start relay
2026-09-30T09:11:45Z exit relay code=1
2026-09-30T09:11:50Z start relay
2026-09-30T09:12:07Z exit relay code=1
2026-09-30T09:12:12Z start relay
2026-09-30T09:12:24Z exit relay code=1
2026-09-30T09:12:29Z start relay
2026-09-30T09:12:57Z exit relay code=1
2026-09-30T09:13:02Z start relay
2026-09-30T09:14:15Z exit relay code=1
2026-09-30T09:14:20Z start relay
2026-09-30T09:14:29Z exit relay code=1
2026-09-30T09:14:34Z start relay
2026-09-30T09:14:42Z exit relay code=1
2026-09-30T09:14:47Z start relay
2026-09-30T09:14:57Z exit relay code=1
2026-09-30T09:15:02Z start relay
2026-09-30T09:15:25Z exit relay code=1
2026-09-30T09:15:30Z start relay
2026-09-30T09:16:45Z exit relay code=1
2026-09-30T09:16:50Z start relay
2026-09-30T09:20:15Z exit relay code=1
2026-09-30T09:20:20Z start relay
2026-09-30T09:20:29Z exit relay code=1
2026-09-30T09:20:34Z start relay
2026-09-30T09:20:49Z exit relay code=1
2026-09-30T09:20:54Z start relay
2026-09-30T09:25:09Z exit relay code=1
2026-09-30T09:25:14Z start relay
2026-09-30T09:25:43Z exit relay code=1
2026-09-30T09:25:48Z start relay
2026-09-30T09:26:12Z exit relay code=1
2026-09-30T09:26:17Z start relay
2026-09-30T09:26:31Z exit relay code=1
2026-09-30T09:26:36Z start relay
2026-09-30T09:26:44Z exit relay code=1
2026-09-30T09:26:49Z start relay
2026-09-30T09:26:58Z exit relay code=1
2026-09-30T09:27:03Z start relay
2026-09-30T09:27:30Z exit relay code=1
2026-09-30T09:27:35Z start relay
2026-09-30T09:27:49Z exit relay code=1
2026-09-30T09:27:54Z start relay
2026-09-30T09:28:11Z exit relay code=1
2026-09-30T09:28:16Z start relay
2026-09-30T09:30:24Z exit relay code=1
2026-09-30T09:30:29Z start relay
2026-09-30T09:30:41Z exit relay code=1
2026-09-30T09:30:46Z start relay
2026-09-30T09:30:58Z exit relay code=1
2026-09-30T09:31:03Z start relay
2026-09-30T09:31:11Z exit relay code=1
2026-09-30T09:31:16Z start relay
2026-09-30T09:31:42Z exit relay code=1
2026-09-30T09:31:47Z start relay
2026-09-30T09:31:56Z exit relay code=1
2026-09-30T09:32:01Z start relay
2026-09-30T09:32:11Z exit relay code=1
2026-09-30T09:32:16Z start relay
2026-09-30T09:32:30Z exit relay code=1
2026-09-30T09:32:35Z start relay
2026-09-30T09:33:06Z exit relay code=1
2026-09-30T09:33:11Z start relay
2026-09-30T09:33:21Z exit relay code=1
2026-09-30T09:33:26Z start relay
2026-09-30T09:33:41Z exit relay code=1
2026-09-30T09:33:46Z start relay
2026-09-30T09:38:59Z exit relay code=1
2026-09-30T09:39:04Z start relay
2026-09-30T09:39:14Z exit relay code=1
2026-09-30T09:39:19Z start relay
2026-09-30T09:40:17Z exit relay code=1
2026-09-30T09:40:22Z start relay
2026-09-30T09:40:35Z exit relay code=1
2026-09-30T09:40:40Z start relay
2026-09-30T09:41:36Z exit relay code=1
2026-09-30T09:41:41Z start relay
2026-09-30T09:44:00Z exit relay code=1
2026-09-30T09:44:05Z start relay
2026-09-30T09:52:02Z exit relay code=1
2026-09-30T09:52:07Z start relay
2026-09-30T09:52:27Z exit relay code=1
2026-09-30T09:52:32Z start relay
2026-09-30T09:52:50Z exit relay code=1
2026-09-30T09:52:55Z start relay
2026-09-30T09:55:13Z exit relay code=1
2026-09-30T09:55:18Z start relay
2026-09-30T09:55:40Z exit relay code=1
2026-09-30T09:55:45Z start relay
2026-09-30T09:55:59Z exit relay code=1
2026-09-30T09:56:04Z start relay
2026-09-30T09:56:15Z exit relay code=1
2026-09-30T09:56:20Z start relay
2026-09-30T09:56:34Z exit relay code=1
2026-09-30T09:56:39Z start relay
2026-09-30T09:56:46Z exit relay code=1
2026-09-30T09:56:51Z start relay
2026-09-30T09:56:58Z exit relay code=1
2026-09-30T09:57:03Z start relay
2026-09-30T09:57:17Z exit relay code=1
2026-09-30T09:57:22Z start relay
2026-09-30T09:58:56Z exit relay code=1
2026-09-30T09:59:01Z start relay
2026-09-30T09:59:07Z exit relay code=1
2026-09-30T09:59:12Z start relay
2026-09-30T09:59:28Z exit relay code=1
2026-09-30T09:59:33Z start relay
2026-09-30T10:00:00Z exit relay code=1
2026-09-30T10:00:05Z start relay
2026-09-30T10:01:59Z exit relay code=1
2026-09-30T10:02:04Z start relay
2026-09-30T10:03:25Z exit relay code=1
2026-09-30T10:03:30Z start relay
2026-09-30T10:03:38Z exit relay code=1
2026-09-30T10:03:43Z start relay
2026-09-30T10:04:09Z exit relay code=1
2026-09-30T10:04:14Z start relay
2026-09-30T10:05:03Z exit relay code=1
2026-09-30T10:05:08Z start relay
2026-09-30T10:07:37Z exit relay code=1
2026-09-30T10:07:42Z start relay
2026-09-30T10:07:52Z exit relay code=1
2026-09-30T10:07:57Z start relay
2026-09-30T10:08:20Z exit relay code=1
2026-09-30T10:08:25Z start relay
2026-09-30T10:08:41Z exit relay code=1
2026-09-30T10:08:46Z start relay
2026-09-30T10:09:05Z exit relay code=1
2026-09-30T10:09:10Z start relay
2026-09-30T10:09:16Z exit relay code=1
2026-09-30T10:09:22Z start relay
2026-09-30T10:09:41Z exit relay code=1
2026-09-30T10:09:46Z start relay
2026-09-30T10:10:07Z exit relay code=1
2026-09-30T10:10:12Z start relay
2026-09-30T10:10:25Z exit relay code=1
2026-09-30T10:10:30Z start relay
2026-09-30T10:13:43Z exit relay code=1
2026-09-30T10:13:48Z start relay
2026-09-30T10:15:42Z exit relay code=1
2026-09-30T10:15:47Z start relay
2026-09-30T10:16:07Z exit relay code=1
2026-09-30T10:16:12Z start relay
2026-09-30T10:16:17Z exit relay code=1
2026-09-30T10:16:22Z start relay
2026-09-30T10:18:13Z exit relay code=1
2026-09-30T10:18:18Z start relay
2026-09-30T10:18:35Z exit relay code=1
2026-09-30T10:18:40Z start relay
2026-09-30T10:18:46Z exit relay code=1
2026-09-30T10:18:51Z start relay
2026-09-30T10:19:09Z exit relay code=1
2026-09-30T10:19:14Z start relay
2026-09-30T10:19:24Z exit relay code=1
2026-09-30T10:19:29Z start relay
2026-09-30T10:28:39Z exit relay code=1
2026-09-30T10:28:44Z start relay
2026-09-30T10:28:56Z exit relay code=1
2026-09-30T10:29:01Z start relay
2026-09-30T10:29:12Z exit relay code=1
2026-09-30T10:29:17Z start relay
2026-09-30T10:29:24Z exit relay code=1
2026-09-30T10:29:29Z start relay
2026-09-30T10:29:43Z exit relay code=1
2026-09-30T10:29:48Z start relay
2026-09-30T10:30:49Z exit relay code=1
2026-09-30T10:30:54Z start relay
2026-09-30T10:31:09Z exit relay code=1
2026-09-30T10:31:14Z start relay
2026-09-30T10:31:24Z exit relay code=1
2026-09-30T10:31:29Z start relay
2026-09-30T10:31:47Z exit relay code=1
2026-09-30T10:31:52Z start relay
2026-09-30T10:33:54Z exit relay code=1
2026-09-30T10:33:59Z start relay
2026-09-30T10:34:17Z exit relay code=1
2026-09-30T10:34:22Z start relay
2026-09-30T10:34:27Z exit relay code=1
2026-09-30T10:34:32Z start relay
2026-09-30T10:34:52Z exit relay code=1
2026-09-30T10:34:57Z start relay
2026-09-30T10:37:24Z exit relay code=1
2026-09-30T10:37:29Z start relay
2026-09-30T10:38:00Z exit relay code=1
2026-09-30T10:38:05Z start relay
2026-09-30T10:38:38Z exit relay code=1
2026-09-30T10:38:43Z start relay
2026-09-30T10:38:48Z exit relay code=1
2026-09-30T10:38:53Z start relay
2026-09-30T10:39:11Z exit relay code=1
2026-09-30T10:39:16Z start relay
2026-09-30T10:42:18Z exit relay code=1
2026-09-30T10:42:23Z start relay
2026-09-30T10:45:23Z exit relay code=1
2026-09-30T10:45:28Z start relay
2026-09-30T10:46:10Z exit relay code=1
2026-09-30T10:46:15Z start relay
2026-09-30T10:46:24Z exit relay code=1
2026-09-30T10:46:29Z start relay
2026-09-30T10:47:56Z exit relay code=1
2026-09-30T10:48:01Z start relay
2026-09-30T10:48:21Z exit relay code=1
2026-09-30T10:48:26Z start relay
2026-09-30T10:49:25Z exit relay code=1
2026-09-30T10:49:30Z start relay
2026-09-30T10:50:31Z exit relay code=1
2026-09-30T10:50:37Z start relay
2026-09-30T10:50:42Z exit relay code=1
2026-09-30T10:50:47Z start relay
2026-09-30T10:51:10Z exit relay code=1
2026-09-30T10:51:15Z start relay
2026-09-30T10:51:25Z exit relay code=1
2026-09-30T10:51:30Z start relay
2026-09-30T10:53:12Z exit relay code=1
2026-09-30T10:53:17Z start relay
2026-09-30T10:53:25Z exit relay code=1
2026-09-30T10:53:30Z start relay
2026-09-30T10:54:41Z exit relay code=1
2026-09-30T10:54:46Z start relay
2026-09-30T10:56:12Z exit relay code=1
2026-09-30T10:56:17Z start relay
2026-09-30T10:56:27Z exit relay code=1
2026-09-30T10:56:32Z start relay
2026-09-30T10:56:58Z exit relay code=1
2026-09-30T10:57:03Z start relay
2026-09-30T10:57:12Z exit relay code=1
2026-09-30T10:57:17Z start relay
2026-09-30T10:57:32Z exit relay code=1
2026-09-30T10:57:37Z start relay
2026-09-30T10:59:09Z exit relay code=1
2026-09-30T10:59:14Z start relay
2026-09-30T10:59:40Z exit relay code=1
2026-09-30T10:59:45Z start relay
2026-09-30T11:00:19Z exit relay code=1
2026-09-30T11:00:24Z start relay
2026-09-30T11:01:42Z exit relay code=1
2026-09-30T11:01:47Z start relay
2026-09-30T11:02:10Z exit relay code=1
2026-09-30T11:02:15Z start relay
2026-09-30T11:06:31Z exit relay code=1
2026-09-30T11:06:36Z start relay
2026-09-30T11:07:42Z exit relay code=1
2026-09-30T11:07:47Z start relay
2026-09-30T11:07:53Z exit relay code=1
2026-09-30T11:07:58Z start relay
2026-09-30T11:08:08Z exit relay code=1
2026-09-30T11:08:13Z start relay
2026-09-30T11:08:51Z exit relay code=1
2026-09-30T11:08:56Z start relay
2026-09-30T11:11:06Z exit relay code=1
2026-09-30T11:11:11Z start relay
2026-09-30T11:13:28Z exit relay code=1
2026-09-30T11:13:33Z start relay
2026-09-30T11:15:12Z exit relay code=1
2026-09-30T11:15:17Z start relay
2026-09-30T11:15:49Z exit relay code=1
2026-09-30T11:15:54Z start relay
2026-09-30T11:19:22Z exit relay code=1
2026-09-30T11:19:27Z start relay
2026-09-30T11:19:36Z exit relay code=1
2026-09-30T11:19:41Z start relay
2026-09-30T11:20:30Z exit relay code=1
2026-09-30T11:20:35Z start relay
2026-09-30T11:26:13Z exit relay code=1
2026-09-30T11:26:18Z start relay
2026-09-30T11:26:57Z exit relay code=1
2026-09-30T11:27:02Z start relay
2026-09-30T11:27:09Z exit relay code=1
2026-09-30T11:27:14Z start relay
2026-09-30T11:27:37Z exit relay code=1
2026-09-30T11:27:42Z start relay
2026-09-30T11:28:23Z exit relay code=1
2026-09-30T11:28:25Z exit seeds code=1
2026-09-30T11:28:28Z start relay
2026-09-30T11:28:30Z start seeds
2026-09-30T11:28:47Z exit seeds code=1
2026-09-30T11:28:48Z exit relay code=1
2026-09-30T11:28:52Z start seeds
2026-09-30T11:28:53Z start relay
2026-09-30T11:31:09Z exit relay code=1
2026-09-30T11:31:14Z start relay
2026-09-30T11:33:13Z exit relay code=1
2026-09-30T11:33:18Z start relay
2026-09-30T11:35:33Z exit relay code=1
2026-09-30T11:35:38Z start relay
2026-09-30T11:35:54Z exit relay code=1
2026-09-30T11:35:59Z start relay
2026-09-30T11:37:05Z exit relay code=1
2026-09-30T11:37:10Z start relay
2026-09-30T11:37:33Z exit relay code=1
2026-09-30T11:37:38Z start relay
2026-09-30T11:41:21Z exit relay code=1
2026-09-30T11:41:26Z start relay
2026-09-30T11:41:37Z exit relay code=1
2026-09-30T11:41:43Z start relay
2026-09-30T11:42:07Z exit relay code=1
2026-09-30T11:42:12Z start relay
2026-09-30T11:42:38Z exit relay code=1
2026-09-30T11:42:43Z start relay
2026-09-30T11:44:42Z exit relay code=1
2026-09-30T11:44:47Z start relay
2026-09-30T11:45:01Z exit relay code=1
2026-09-30T11:45:06Z start relay
2026-09-30T11:46:29Z exit relay code=1
2026-09-30T11:46:34Z start relay
2026-09-30T11:46:55Z exit relay code=1
2026-09-30T11:47:00Z start relay
2026-09-30T11:47:54Z exit relay code=1
2026-09-30T11:47:59Z start relay
2026-09-30T11:48:12Z exit relay code=1
2026-09-30T11:48:17Z start relay
2026-09-30T11:51:08Z exit relay code=1
2026-09-30T11:51:13Z start relay
2026-09-30T11:52:23Z exit relay code=1
2026-09-30T11:52:28Z start relay
2026-09-30T11:52:53Z exit relay code=1
2026-09-30T11:52:58Z start relay
2026-09-30T11:53:12Z exit relay code=1
2026-09-30T11:53:17Z start relay
2026-09-30T11:53:25Z exit relay code=1
2026-09-30T11:53:30Z start relay
2026-09-30T11:54:32Z exit relay code=1
2026-09-30T11:54:37Z start relay
2026-09-30T11:54:47Z exit relay code=1
2026-09-30T11:54:52Z start relay
2026-09-30T11:55:22Z exit relay code=1
2026-09-30T11:55:27Z start relay
2026-09-30T11:56:29Z exit relay code=1
2026-09-30T11:56:34Z start relay
2026-09-30T11:56:49Z exit relay code=1
2026-09-30T11:56:54Z start relay
2026-09-30T11:57:03Z exit relay code=1
2026-09-30T11:57:08Z start relay
2026-09-30T11:57:30Z exit relay code=1
2026-09-30T11:57:35Z start relay
2026-09-30T11:57:46Z exit relay code=1
2026-09-30T11:57:51Z start relay
2026-09-30T11:58:13Z exit relay code=1
2026-09-30T11:58:18Z start relay
2026-09-30T11:58:38Z exit relay code=1
2026-09-30T11:58:43Z start relay
2026-09-30T11:58:58Z exit relay code=1
2026-09-30T11:59:03Z start relay
2026-09-30T12:02:53Z exit relay code=1
2026-09-30T12:02:58Z start relay
2026-09-30T12:03:21Z exit relay code=1
2026-09-30T12:03:26Z start relay
2026-09-30T12:04:06Z exit relay code=1
2026-09-30T12:04:11Z start relay
2026-09-30T12:04:38Z exit relay code=1
2026-09-30T12:04:43Z start relay
2026-09-30T12:04:57Z exit relay code=1
2026-09-30T12:05:02Z start relay
2026-09-30T12:07:59Z exit relay code=1
2026-09-30T12:08:04Z start relay
2026-09-30T12:08:09Z exit relay code=1
2026-09-30T12:08:14Z start relay
2026-09-30T12:08:24Z exit relay code=1
2026-09-30T12:08:29Z start relay
2026-09-30T12:09:01Z exit relay code=1
2026-09-30T12:09:06Z start relay
2026-09-30T12:09:21Z exit relay code=1
2026-09-30T12:09:26Z start relay
2026-09-30T12:12:55Z exit relay code=1
2026-09-30T12:13:00Z start relay
2026-09-30T12:13:26Z exit relay code=1
2026-09-30T12:13:31Z start relay
2026-09-30T12:14:50Z exit relay code=1
2026-09-30T12:14:55Z start relay
2026-09-30T12:15:12Z exit relay code=1
2026-09-30T12:15:17Z start relay
2026-09-30T12:15:29Z exit relay code=1
2026-09-30T12:15:34Z start relay
2026-09-30T12:15:44Z exit relay code=1
2026-09-30T12:15:49Z start relay
2026-09-30T12:16:05Z exit relay code=1
2026-09-30T12:16:10Z start relay
2026-09-30T12:16:23Z exit relay code=1
2026-09-30T12:16:28Z start relay
2026-09-30T12:16:40Z exit relay code=1
2026-09-30T12:16:45Z start relay
2026-09-30T12:21:15Z exit relay code=1
2026-09-30T12:21:20Z start relay
2026-09-30T12:21:43Z exit relay code=1
2026-09-30T12:21:48Z start relay
2026-09-30T12:22:39Z exit relay code=1
2026-09-30T12:22:44Z start relay
2026-09-30T12:23:10Z exit relay code=1
2026-09-30T12:23:15Z start relay
2026-09-30T12:25:13Z exit relay code=1
2026-09-30T12:25:18Z start relay
2026-09-30T12:26:46Z exit relay code=1
2026-09-30T12:26:51Z start relay
2026-09-30T12:27:49Z exit relay code=1
2026-09-30T12:27:54Z start relay
2026-09-30T12:30:25Z exit relay code=1
2026-09-30T12:30:30Z start relay
2026-09-30T12:32:00Z exit relay code=1
2026-09-30T12:32:05Z start relay
2026-09-30T12:32:14Z exit relay code=1
2026-09-30T12:32:19Z start relay
2026-09-30T12:33:08Z exit relay code=1
2026-09-30T12:33:13Z start relay
2026-09-30T12:33:47Z exit relay code=1
2026-09-30T12:33:52Z start relay
2026-09-30T12:34:01Z exit relay code=1
2026-09-30T12:34:06Z start relay
2026-09-30T12:35:18Z exit relay code=1
2026-09-30T12:35:23Z start relay
2026-09-30T12:36:19Z exit relay code=1
2026-09-30T12:36:24Z start relay
2026-09-30T12:36:34Z exit relay code=1
2026-09-30T12:36:39Z start relay
2026-09-30T12:37:44Z exit relay code=1
2026-09-30T12:37:49Z start relay
2026-09-30T12:38:11Z exit relay code=1
2026-09-30T12:38:16Z start relay
2026-09-30T12:38:41Z exit relay code=1
2026-09-30T12:38:46Z start relay
2026-09-30T12:38:54Z exit relay code=1
2026-09-30T12:38:59Z start relay
2026-09-30T12:39:13Z exit relay code=1
2026-09-30T12:39:18Z start relay
2026-09-30T12:44:09Z exit relay code=1
2026-09-30T12:44:14Z start relay
2026-09-30T12:44:36Z exit relay code=1
2026-09-30T12:44:41Z start relay
2026-09-30T12:45:46Z exit relay code=1
2026-09-30T12:45:51Z start relay
2026-09-30T12:46:19Z exit relay code=1
2026-09-30T12:46:24Z start relay
2026-09-30T12:46:41Z exit relay code=1
2026-09-30T12:46:46Z start relay
2026-09-30T12:47:01Z exit relay code=1
2026-09-30T12:47:06Z start relay
2026-09-30T12:47:24Z exit relay code=1
2026-09-30T12:47:29Z start relay
2026-09-30T12:47:53Z exit relay code=1
2026-09-30T12:47:58Z start relay
2026-09-30T12:48:04Z exit relay code=1
2026-09-30T12:48:09Z start relay
2026-09-30T12:48:17Z exit relay code=1
2026-09-30T12:48:22Z start relay
2026-09-30T12:48:29Z exit relay code=1
2026-09-30T12:48:34Z start relay
2026-09-30T12:49:37Z exit relay code=1
2026-09-30T12:49:42Z start relay
2026-09-30T12:51:52Z exit relay code=1
2026-09-30T12:51:57Z start relay
2026-09-30T12:54:13Z exit relay code=1
2026-09-30T12:54:18Z start relay
2026-09-30T12:59:03Z exit relay code=1
2026-09-30T12:59:08Z start relay
2026-09-30T12:59:55Z exit relay code=1
2026-09-30T13:00:00Z start relay
2026-09-30T13:02:33Z exit relay code=1
2026-09-30T13:02:38Z start relay
2026-09-30T13:03:16Z exit relay code=1
2026-09-30T13:03:21Z start relay
2026-09-30T13:03:37Z exit relay code=1
2026-09-30T13:03:42Z start relay
2026-09-30T13:06:13Z exit relay code=1
2026-09-30T13:06:18Z start relay
2026-09-30T13:13:42Z exit relay code=1
2026-09-30T13:13:47Z start relay
2026-09-30T13:14:17Z exit relay code=1
2026-09-30T13:14:22Z start relay
2026-09-30T13:19:55Z exit relay code=1
2026-09-30T13:20:00Z start relay
2026-09-30T13:20:19Z exit relay code=1
2026-09-30T13:20:24Z start relay
2026-09-30T13:22:16Z exit relay code=1
2026-09-30T13:22:21Z start relay
2026-09-30T13:22:26Z exit relay code=1
2026-09-30T13:22:32Z start relay
2026-09-30T13:27:51Z exit relay code=1
2026-09-30T13:27:56Z start relay
2026-09-30T13:29:27Z exit relay code=1
2026-09-30T13:29:32Z start relay
2026-09-30T13:36:08Z exit relay code=1
2026-09-30T13:36:13Z start relay
2026-09-30T13:37:53Z exit relay code=1
2026-09-30T13:37:58Z start relay
2026-09-30T13:41:52Z exit relay code=1
2026-09-30T13:41:57Z start relay
2026-09-30T13:42:56Z exit relay code=1
2026-09-30T13:43:01Z start relay
2026-09-30T13:46:32Z exit relay code=1
2026-09-30T13:46:37Z start relay
2026-09-30T13:49:33Z exit relay code=1
2026-09-30T13:49:38Z start relay
2026-09-30T13:53:27Z exit relay code=1
2026-09-30T13:53:32Z start relay
2026-09-30T13:55:16Z exit relay code=1
2026-09-30T13:55:21Z start relay
2026-09-30T13:55:41Z exit relay code=1
2026-09-30T13:55:46Z start relay
2026-09-30T13:56:03Z exit relay code=1
2026-09-30T13:56:08Z start relay
2026-09-30T13:59:45Z exit relay code=1
2026-09-30T13:59:50Z start relay
